[2026-06-25T00:16:34.071+0000] {processor.py:161} INFO - Started process (PID=1519) to work on /opt/airflow/dags/insurance_pipeline_dag.py
[2026-06-25T00:16:34.089+0000] {processor.py:830} INFO - Processing file /opt/airflow/dags/insurance_pipeline_dag.py for tasks to queue
[2026-06-25T00:16:34.115+0000] {logging_mixin.py:188} INFO - [2026-06-25T00:16:34.112+0000] {dagbag.py:540} INFO - Filling up the DagBag from /opt/airflow/dags/insurance_pipeline_dag.py
[2026-06-25T00:16:34.314+0000] {processor.py:840} INFO - DAG(s) 'insurance_pipeline' retrieved from /opt/airflow/dags/insurance_pipeline_dag.py
[2026-06-25T00:16:39.955+0000] {logging_mixin.py:188} INFO - [2026-06-25T00:16:39.946+0000] {dag.py:3096} INFO - Sync 1 DAGs
[2026-06-25T00:16:40.316+0000] {logging_mixin.py:188} INFO - [2026-06-25T00:16:40.315+0000] {dag.py:3954} INFO - Setting next_dagrun for insurance_pipeline to 2026-06-24 01:00:00+00:00, run_after=2026-06-25 01:00:00+00:00
[2026-06-25T00:16:41.723+0000] {processor.py:183} INFO - Processing /opt/airflow/dags/insurance_pipeline_dag.py took 7.744 seconds
[2026-06-25T00:17:12.465+0000] {processor.py:161} INFO - Started process (PID=1524) to work on /opt/airflow/dags/insurance_pipeline_dag.py
[2026-06-25T00:17:12.471+0000] {processor.py:830} INFO - Processing file /opt/airflow/dags/insurance_pipeline_dag.py for tasks to queue
[2026-06-25T00:17:12.478+0000] {logging_mixin.py:188} INFO - [2026-06-25T00:17:12.476+0000] {dagbag.py:540} INFO - Filling up the DagBag from /opt/airflow/dags/insurance_pipeline_dag.py
[2026-06-25T00:17:12.652+0000] {processor.py:840} INFO - DAG(s) 'insurance_pipeline' retrieved from /opt/airflow/dags/insurance_pipeline_dag.py
[2026-06-25T00:17:12.297+0000] {logging_mixin.py:188} INFO - [2026-06-25T00:17:12.296+0000] {dag.py:3096} INFO - Sync 1 DAGs
[2026-06-25T00:17:12.452+0000] {logging_mixin.py:188} INFO - [2026-06-25T00:17:12.451+0000] {dag.py:3954} INFO - Setting next_dagrun for insurance_pipeline to 2026-06-24 01:00:00+00:00, run_after=2026-06-25 01:00:00+00:00
[2026-06-25T00:17:12.526+0000] {processor.py:183} INFO - Processing /opt/airflow/dags/insurance_pipeline_dag.py took 0.636 seconds
[2026-06-25T00:17:42.967+0000] {processor.py:161} INFO - Started process (PID=1529) to work on /opt/airflow/dags/insurance_pipeline_dag.py
[2026-06-25T00:17:42.973+0000] {processor.py:830} INFO - Processing file /opt/airflow/dags/insurance_pipeline_dag.py for tasks to queue
[2026-06-25T00:17:42.979+0000] {logging_mixin.py:188} INFO - [2026-06-25T00:17:42.978+0000] {dagbag.py:540} INFO - Filling up the DagBag from /opt/airflow/dags/insurance_pipeline_dag.py
[2026-06-25T00:17:43.067+0000] {processor.py:840} INFO - DAG(s) 'insurance_pipeline' retrieved from /opt/airflow/dags/insurance_pipeline_dag.py
[2026-06-25T00:17:43.191+0000] {logging_mixin.py:188} INFO - [2026-06-25T00:17:43.191+0000] {dag.py:3096} INFO - Sync 1 DAGs
[2026-06-25T00:17:43.342+0000] {logging_mixin.py:188} INFO - [2026-06-25T00:17:43.340+0000] {dag.py:3954} INFO - Setting next_dagrun for insurance_pipeline to 2026-06-24 01:00:00+00:00, run_after=2026-06-25 01:00:00+00:00
[2026-06-25T00:17:43.414+0000] {processor.py:183} INFO - Processing /opt/airflow/dags/insurance_pipeline_dag.py took 0.481 seconds
[2026-06-25T00:18:13.923+0000] {processor.py:161} INFO - Started process (PID=1534) to work on /opt/airflow/dags/insurance_pipeline_dag.py
[2026-06-25T00:18:13.928+0000] {processor.py:830} INFO - Processing file /opt/airflow/dags/insurance_pipeline_dag.py for tasks to queue
[2026-06-25T00:18:13.938+0000] {logging_mixin.py:188} INFO - [2026-06-25T00:18:13.936+0000] {dagbag.py:540} INFO - Filling up the DagBag from /opt/airflow/dags/insurance_pipeline_dag.py
[2026-06-25T00:18:14.132+0000] {processor.py:840} INFO - DAG(s) 'insurance_pipeline' retrieved from /opt/airflow/dags/insurance_pipeline_dag.py
[2026-06-25T00:18:14.426+0000] {logging_mixin.py:188} INFO - [2026-06-25T00:18:14.426+0000] {dag.py:3096} INFO - Sync 1 DAGs
[2026-06-25T00:18:14.521+0000] {logging_mixin.py:188} INFO - [2026-06-25T00:18:14.520+0000] {dag.py:3954} INFO - Setting next_dagrun for insurance_pipeline to 2026-06-24 01:00:00+00:00, run_after=2026-06-25 01:00:00+00:00
[2026-06-25T00:18:14.600+0000] {processor.py:183} INFO - Processing /opt/airflow/dags/insurance_pipeline_dag.py took 0.724 seconds
[2026-06-25T00:18:45.299+0000] {processor.py:161} INFO - Started process (PID=1539) to work on /opt/airflow/dags/insurance_pipeline_dag.py
[2026-06-25T00:18:45.302+0000] {processor.py:830} INFO - Processing file /opt/airflow/dags/insurance_pipeline_dag.py for tasks to queue
[2026-06-25T00:18:45.311+0000] {logging_mixin.py:188} INFO - [2026-06-25T00:18:45.310+0000] {dagbag.py:540} INFO - Filling up the DagBag from /opt/airflow/dags/insurance_pipeline_dag.py
[2026-06-25T00:18:45.409+0000] {processor.py:840} INFO - DAG(s) 'insurance_pipeline' retrieved from /opt/airflow/dags/insurance_pipeline_dag.py
[2026-06-25T00:18:45.549+0000] {logging_mixin.py:188} INFO - [2026-06-25T00:18:45.548+0000] {dag.py:3096} INFO - Sync 1 DAGs
[2026-06-25T00:18:45.646+0000] {logging_mixin.py:188} INFO - [2026-06-25T00:18:45.645+0000] {dag.py:3954} INFO - Setting next_dagrun for insurance_pipeline to 2026-06-24 01:00:00+00:00, run_after=2026-06-25 01:00:00+00:00
[2026-06-25T00:18:45.720+0000] {processor.py:183} INFO - Processing /opt/airflow/dags/insurance_pipeline_dag.py took 0.449 seconds
[2026-06-25T00:19:16.628+0000] {processor.py:161} INFO - Started process (PID=1544) to work on /opt/airflow/dags/insurance_pipeline_dag.py
[2026-06-25T00:19:16.634+0000] {processor.py:830} INFO - Processing file /opt/airflow/dags/insurance_pipeline_dag.py for tasks to queue
[2026-06-25T00:19:16.649+0000] {logging_mixin.py:188} INFO - [2026-06-25T00:19:16.647+0000] {dagbag.py:540} INFO - Filling up the DagBag from /opt/airflow/dags/insurance_pipeline_dag.py
[2026-06-25T00:19:16.774+0000] {processor.py:840} INFO - DAG(s) 'insurance_pipeline' retrieved from /opt/airflow/dags/insurance_pipeline_dag.py
[2026-06-25T00:19:16.957+0000] {logging_mixin.py:188} INFO - [2026-06-25T00:19:16.956+0000] {dag.py:3096} INFO - Sync 1 DAGs
[2026-06-25T00:19:17.086+0000] {logging_mixin.py:188} INFO - [2026-06-25T00:19:17.085+0000] {dag.py:3954} INFO - Setting next_dagrun for insurance_pipeline to 2026-06-24 01:00:00+00:00, run_after=2026-06-25 01:00:00+00:00
[2026-06-25T00:19:17.192+0000] {processor.py:183} INFO - Processing /opt/airflow/dags/insurance_pipeline_dag.py took 0.612 seconds
[2026-06-25T00:19:47.537+0000] {processor.py:161} INFO - Started process (PID=1549) to work on /opt/airflow/dags/insurance_pipeline_dag.py
[2026-06-25T00:19:47.542+0000] {processor.py:830} INFO - Processing file /opt/airflow/dags/insurance_pipeline_dag.py for tasks to queue
[2026-06-25T00:19:47.550+0000] {logging_mixin.py:188} INFO - [2026-06-25T00:19:47.548+0000] {dagbag.py:540} INFO - Filling up the DagBag from /opt/airflow/dags/insurance_pipeline_dag.py
[2026-06-25T00:19:47.631+0000] {processor.py:840} INFO - DAG(s) 'insurance_pipeline' retrieved from /opt/airflow/dags/insurance_pipeline_dag.py
[2026-06-25T00:19:47.753+0000] {logging_mixin.py:188} INFO - [2026-06-25T00:19:47.752+0000] {dag.py:3096} INFO - Sync 1 DAGs
[2026-06-25T00:19:47.824+0000] {logging_mixin.py:188} INFO - [2026-06-25T00:19:47.823+0000] {dag.py:3954} INFO - Setting next_dagrun for insurance_pipeline to 2026-06-24 01:00:00+00:00, run_after=2026-06-25 01:00:00+00:00
[2026-06-25T00:19:47.889+0000] {processor.py:183} INFO - Processing /opt/airflow/dags/insurance_pipeline_dag.py took 0.388 seconds
[2026-06-25T00:20:18.266+0000] {processor.py:161} INFO - Started process (PID=1554) to work on /opt/airflow/dags/insurance_pipeline_dag.py
[2026-06-25T00:20:18.270+0000] {processor.py:830} INFO - Processing file /opt/airflow/dags/insurance_pipeline_dag.py for tasks to queue
[2026-06-25T00:20:18.277+0000] {logging_mixin.py:188} INFO - [2026-06-25T00:20:18.276+0000] {dagbag.py:540} INFO - Filling up the DagBag from /opt/airflow/dags/insurance_pipeline_dag.py
[2026-06-25T00:20:18.368+0000] {processor.py:840} INFO - DAG(s) 'insurance_pipeline' retrieved from /opt/airflow/dags/insurance_pipeline_dag.py
[2026-06-25T00:20:18.509+0000] {logging_mixin.py:188} INFO - [2026-06-25T00:20:18.508+0000] {dag.py:3096} INFO - Sync 1 DAGs
[2026-06-25T00:20:18.600+0000] {logging_mixin.py:188} INFO - [2026-06-25T00:20:18.599+0000] {dag.py:3954} INFO - Setting next_dagrun for insurance_pipeline to 2026-06-24 01:00:00+00:00, run_after=2026-06-25 01:00:00+00:00
[2026-06-25T00:20:18.725+0000] {processor.py:183} INFO - Processing /opt/airflow/dags/insurance_pipeline_dag.py took 0.493 seconds
[2026-06-25T00:20:49.700+0000] {processor.py:161} INFO - Started process (PID=1559) to work on /opt/airflow/dags/insurance_pipeline_dag.py
[2026-06-25T00:20:49.703+0000] {processor.py:830} INFO - Processing file /opt/airflow/dags/insurance_pipeline_dag.py for tasks to queue
[2026-06-25T00:20:49.713+0000] {logging_mixin.py:188} INFO - [2026-06-25T00:20:49.711+0000] {dagbag.py:540} INFO - Filling up the DagBag from /opt/airflow/dags/insurance_pipeline_dag.py
[2026-06-25T00:20:49.804+0000] {processor.py:840} INFO - DAG(s) 'insurance_pipeline' retrieved from /opt/airflow/dags/insurance_pipeline_dag.py
[2026-06-25T00:20:49.931+0000] {logging_mixin.py:188} INFO - [2026-06-25T00:20:49.931+0000] {dag.py:3096} INFO - Sync 1 DAGs
[2026-06-25T00:20:50.018+0000] {logging_mixin.py:188} INFO - [2026-06-25T00:20:50.017+0000] {dag.py:3954} INFO - Setting next_dagrun for insurance_pipeline to 2026-06-24 01:00:00+00:00, run_after=2026-06-25 01:00:00+00:00
[2026-06-25T00:20:50.085+0000] {processor.py:183} INFO - Processing /opt/airflow/dags/insurance_pipeline_dag.py took 0.432 seconds
[2026-06-25T00:21:20.610+0000] {processor.py:161} INFO - Started process (PID=1564) to work on /opt/airflow/dags/insurance_pipeline_dag.py
[2026-06-25T00:21:20.613+0000] {processor.py:830} INFO - Processing file /opt/airflow/dags/insurance_pipeline_dag.py for tasks to queue
[2026-06-25T00:21:20.619+0000] {logging_mixin.py:188} INFO - [2026-06-25T00:21:20.618+0000] {dagbag.py:540} INFO - Filling up the DagBag from /opt/airflow/dags/insurance_pipeline_dag.py
[2026-06-25T00:21:20.693+0000] {processor.py:840} INFO - DAG(s) 'insurance_pipeline' retrieved from /opt/airflow/dags/insurance_pipeline_dag.py
[2026-06-25T00:21:20.811+0000] {logging_mixin.py:188} INFO - [2026-06-25T00:21:20.810+0000] {dag.py:3096} INFO - Sync 1 DAGs
[2026-06-25T00:21:20.914+0000] {logging_mixin.py:188} INFO - [2026-06-25T00:21:20.913+0000] {dag.py:3954} INFO - Setting next_dagrun for insurance_pipeline to 2026-06-24 01:00:00+00:00, run_after=2026-06-25 01:00:00+00:00
[2026-06-25T00:21:21.005+0000] {processor.py:183} INFO - Processing /opt/airflow/dags/insurance_pipeline_dag.py took 0.431 seconds
[2026-06-25T00:29:45.498+0000] {processor.py:161} INFO - Started process (PID=1571) to work on /opt/airflow/dags/insurance_pipeline_dag.py
[2026-06-25T00:29:45.507+0000] {processor.py:830} INFO - Processing file /opt/airflow/dags/insurance_pipeline_dag.py for tasks to queue
[2026-06-25T00:29:45.531+0000] {logging_mixin.py:188} INFO - [2026-06-25T00:29:45.526+0000] {dagbag.py:540} INFO - Filling up the DagBag from /opt/airflow/dags/insurance_pipeline_dag.py
[2026-06-25T00:29:45.990+0000] {processor.py:840} INFO - DAG(s) 'insurance_pipeline' retrieved from /opt/airflow/dags/insurance_pipeline_dag.py
[2026-06-25T00:29:46.298+0000] {logging_mixin.py:188} INFO - [2026-06-25T00:29:46.297+0000] {dag.py:3096} INFO - Sync 1 DAGs
[2026-06-25T00:29:46.611+0000] {logging_mixin.py:188} INFO - [2026-06-25T00:29:46.610+0000] {dag.py:3954} INFO - Setting next_dagrun for insurance_pipeline to 2026-06-24 01:00:00+00:00, run_after=2026-06-25 01:00:00+00:00
[2026-06-25T00:29:47.341+0000] {processor.py:183} INFO - Processing /opt/airflow/dags/insurance_pipeline_dag.py took 1.908 seconds
[2026-06-25T00:30:17.753+0000] {processor.py:161} INFO - Started process (PID=1576) to work on /opt/airflow/dags/insurance_pipeline_dag.py
[2026-06-25T00:30:17.757+0000] {processor.py:830} INFO - Processing file /opt/airflow/dags/insurance_pipeline_dag.py for tasks to queue
[2026-06-25T00:30:17.767+0000] {logging_mixin.py:188} INFO - [2026-06-25T00:30:17.765+0000] {dagbag.py:540} INFO - Filling up the DagBag from /opt/airflow/dags/insurance_pipeline_dag.py
[2026-06-25T00:30:17.857+0000] {processor.py:840} INFO - DAG(s) 'insurance_pipeline' retrieved from /opt/airflow/dags/insurance_pipeline_dag.py
[2026-06-25T00:30:17.976+0000] {logging_mixin.py:188} INFO - [2026-06-25T00:30:17.975+0000] {dag.py:3096} INFO - Sync 1 DAGs
[2026-06-25T00:30:18.073+0000] {logging_mixin.py:188} INFO - [2026-06-25T00:30:18.073+0000] {dag.py:3954} INFO - Setting next_dagrun for insurance_pipeline to 2026-06-24 01:00:00+00:00, run_after=2026-06-25 01:00:00+00:00
[2026-06-25T00:30:18.130+0000] {processor.py:183} INFO - Processing /opt/airflow/dags/insurance_pipeline_dag.py took 0.413 seconds
[2026-06-25T00:30:48.613+0000] {processor.py:161} INFO - Started process (PID=1581) to work on /opt/airflow/dags/insurance_pipeline_dag.py
[2026-06-25T00:30:48.617+0000] {processor.py:830} INFO - Processing file /opt/airflow/dags/insurance_pipeline_dag.py for tasks to queue
[2026-06-25T00:30:48.625+0000] {logging_mixin.py:188} INFO - [2026-06-25T00:30:48.623+0000] {dagbag.py:540} INFO - Filling up the DagBag from /opt/airflow/dags/insurance_pipeline_dag.py
[2026-06-25T00:30:48.700+0000] {processor.py:840} INFO - DAG(s) 'insurance_pipeline' retrieved from /opt/airflow/dags/insurance_pipeline_dag.py
[2026-06-25T00:30:48.808+0000] {logging_mixin.py:188} INFO - [2026-06-25T00:30:48.807+0000] {dag.py:3096} INFO - Sync 1 DAGs
[2026-06-25T00:30:48.902+0000] {logging_mixin.py:188} INFO - [2026-06-25T00:30:48.901+0000] {dag.py:3954} INFO - Setting next_dagrun for insurance_pipeline to 2026-06-24 01:00:00+00:00, run_after=2026-06-25 01:00:00+00:00
[2026-06-25T00:30:48.974+0000] {processor.py:183} INFO - Processing /opt/airflow/dags/insurance_pipeline_dag.py took 0.395 seconds
[2026-06-25T00:31:19.628+0000] {processor.py:161} INFO - Started process (PID=1586) to work on /opt/airflow/dags/insurance_pipeline_dag.py
[2026-06-25T00:31:19.633+0000] {processor.py:830} INFO - Processing file /opt/airflow/dags/insurance_pipeline_dag.py for tasks to queue
[2026-06-25T00:31:19.640+0000] {logging_mixin.py:188} INFO - [2026-06-25T00:31:19.638+0000] {dagbag.py:540} INFO - Filling up the DagBag from /opt/airflow/dags/insurance_pipeline_dag.py
[2026-06-25T00:31:19.738+0000] {processor.py:840} INFO - DAG(s) 'insurance_pipeline' retrieved from /opt/airflow/dags/insurance_pipeline_dag.py
[2026-06-25T00:31:19.864+0000] {logging_mixin.py:188} INFO - [2026-06-25T00:31:19.863+0000] {dag.py:3096} INFO - Sync 1 DAGs
[2026-06-25T00:31:19.959+0000] {logging_mixin.py:188} INFO - [2026-06-25T00:31:19.958+0000] {dag.py:3954} INFO - Setting next_dagrun for insurance_pipeline to 2026-06-24 01:00:00+00:00, run_after=2026-06-25 01:00:00+00:00
[2026-06-25T00:31:20.028+0000] {processor.py:183} INFO - Processing /opt/airflow/dags/insurance_pipeline_dag.py took 0.431 seconds
[2026-06-25T00:31:50.546+0000] {processor.py:161} INFO - Started process (PID=1591) to work on /opt/airflow/dags/insurance_pipeline_dag.py
[2026-06-25T00:31:50.550+0000] {processor.py:830} INFO - Processing file /opt/airflow/dags/insurance_pipeline_dag.py for tasks to queue
[2026-06-25T00:31:50.558+0000] {logging_mixin.py:188} INFO - [2026-06-25T00:31:50.557+0000] {dagbag.py:540} INFO - Filling up the DagBag from /opt/airflow/dags/insurance_pipeline_dag.py
[2026-06-25T00:31:50.670+0000] {processor.py:840} INFO - DAG(s) 'insurance_pipeline' retrieved from /opt/airflow/dags/insurance_pipeline_dag.py
[2026-06-25T00:31:50.800+0000] {logging_mixin.py:188} INFO - [2026-06-25T00:31:50.799+0000] {dag.py:3096} INFO - Sync 1 DAGs
[2026-06-25T00:31:50.880+0000] {logging_mixin.py:188} INFO - [2026-06-25T00:31:50.880+0000] {dag.py:3954} INFO - Setting next_dagrun for insurance_pipeline to 2026-06-24 01:00:00+00:00, run_after=2026-06-25 01:00:00+00:00
[2026-06-25T00:31:50.966+0000] {processor.py:183} INFO - Processing /opt/airflow/dags/insurance_pipeline_dag.py took 0.454 seconds
[2026-06-25T00:32:21.699+0000] {processor.py:161} INFO - Started process (PID=1596) to work on /opt/airflow/dags/insurance_pipeline_dag.py
[2026-06-25T00:32:21.702+0000] {processor.py:830} INFO - Processing file /opt/airflow/dags/insurance_pipeline_dag.py for tasks to queue
[2026-06-25T00:32:21.711+0000] {logging_mixin.py:188} INFO - [2026-06-25T00:32:21.710+0000] {dagbag.py:540} INFO - Filling up the DagBag from /opt/airflow/dags/insurance_pipeline_dag.py
[2026-06-25T00:32:21.811+0000] {processor.py:840} INFO - DAG(s) 'insurance_pipeline' retrieved from /opt/airflow/dags/insurance_pipeline_dag.py
[2026-06-25T00:32:21.934+0000] {logging_mixin.py:188} INFO - [2026-06-25T00:32:21.933+0000] {dag.py:3096} INFO - Sync 1 DAGs
[2026-06-25T00:32:22.032+0000] {logging_mixin.py:188} INFO - [2026-06-25T00:32:22.031+0000] {dag.py:3954} INFO - Setting next_dagrun for insurance_pipeline to 2026-06-24 01:00:00+00:00, run_after=2026-06-25 01:00:00+00:00
[2026-06-25T00:32:22.101+0000] {processor.py:183} INFO - Processing /opt/airflow/dags/insurance_pipeline_dag.py took 0.433 seconds
[2026-06-25T00:32:52.515+0000] {processor.py:161} INFO - Started process (PID=1601) to work on /opt/airflow/dags/insurance_pipeline_dag.py
[2026-06-25T00:32:52.522+0000] {processor.py:830} INFO - Processing file /opt/airflow/dags/insurance_pipeline_dag.py for tasks to queue
[2026-06-25T00:32:52.548+0000] {logging_mixin.py:188} INFO - [2026-06-25T00:32:52.547+0000] {dagbag.py:540} INFO - Filling up the DagBag from /opt/airflow/dags/insurance_pipeline_dag.py
[2026-06-25T00:32:52.695+0000] {processor.py:840} INFO - DAG(s) 'insurance_pipeline' retrieved from /opt/airflow/dags/insurance_pipeline_dag.py
[2026-06-25T00:32:52.865+0000] {logging_mixin.py:188} INFO - [2026-06-25T00:32:52.864+0000] {dag.py:3096} INFO - Sync 1 DAGs
[2026-06-25T00:32:52.955+0000] {logging_mixin.py:188} INFO - [2026-06-25T00:32:52.955+0000] {dag.py:3954} INFO - Setting next_dagrun for insurance_pipeline to 2026-06-24 01:00:00+00:00, run_after=2026-06-25 01:00:00+00:00
[2026-06-25T00:32:53.104+0000] {processor.py:183} INFO - Processing /opt/airflow/dags/insurance_pipeline_dag.py took 0.633 seconds
[2026-06-25T00:33:23.682+0000] {processor.py:161} INFO - Started process (PID=1606) to work on /opt/airflow/dags/insurance_pipeline_dag.py
[2026-06-25T00:33:23.687+0000] {processor.py:830} INFO - Processing file /opt/airflow/dags/insurance_pipeline_dag.py for tasks to queue
[2026-06-25T00:33:23.702+0000] {logging_mixin.py:188} INFO - [2026-06-25T00:33:23.701+0000] {dagbag.py:540} INFO - Filling up the DagBag from /opt/airflow/dags/insurance_pipeline_dag.py
[2026-06-25T00:33:23.843+0000] {processor.py:840} INFO - DAG(s) 'insurance_pipeline' retrieved from /opt/airflow/dags/insurance_pipeline_dag.py
[2026-06-25T00:33:24.004+0000] {logging_mixin.py:188} INFO - [2026-06-25T00:33:24.003+0000] {dag.py:3096} INFO - Sync 1 DAGs
[2026-06-25T00:33:24.112+0000] {logging_mixin.py:188} INFO - [2026-06-25T00:33:24.111+0000] {dag.py:3954} INFO - Setting next_dagrun for insurance_pipeline to 2026-06-24 01:00:00+00:00, run_after=2026-06-25 01:00:00+00:00
[2026-06-25T00:33:24.194+0000] {processor.py:183} INFO - Processing /opt/airflow/dags/insurance_pipeline_dag.py took 0.580 seconds
[2026-06-25T00:33:54.836+0000] {processor.py:161} INFO - Started process (PID=1611) to work on /opt/airflow/dags/insurance_pipeline_dag.py
[2026-06-25T00:33:54.840+0000] {processor.py:830} INFO - Processing file /opt/airflow/dags/insurance_pipeline_dag.py for tasks to queue
[2026-06-25T00:33:54.850+0000] {logging_mixin.py:188} INFO - [2026-06-25T00:33:54.848+0000] {dagbag.py:540} INFO - Filling up the DagBag from /opt/airflow/dags/insurance_pipeline_dag.py
[2026-06-25T00:33:54.942+0000] {processor.py:840} INFO - DAG(s) 'insurance_pipeline' retrieved from /opt/airflow/dags/insurance_pipeline_dag.py
[2026-06-25T00:33:55.080+0000] {logging_mixin.py:188} INFO - [2026-06-25T00:33:55.079+0000] {dag.py:3096} INFO - Sync 1 DAGs
[2026-06-25T00:33:55.213+0000] {logging_mixin.py:188} INFO - [2026-06-25T00:33:55.212+0000] {dag.py:3954} INFO - Setting next_dagrun for insurance_pipeline to 2026-06-24 01:00:00+00:00, run_after=2026-06-25 01:00:00+00:00
[2026-06-25T00:33:55.290+0000] {processor.py:183} INFO - Processing /opt/airflow/dags/insurance_pipeline_dag.py took 0.490 seconds
[2026-06-25T00:34:26.136+0000] {processor.py:161} INFO - Started process (PID=1616) to work on /opt/airflow/dags/insurance_pipeline_dag.py
[2026-06-25T00:34:26.141+0000] {processor.py:830} INFO - Processing file /opt/airflow/dags/insurance_pipeline_dag.py for tasks to queue
[2026-06-25T00:34:26.151+0000] {logging_mixin.py:188} INFO - [2026-06-25T00:34:26.149+0000] {dagbag.py:540} INFO - Filling up the DagBag from /opt/airflow/dags/insurance_pipeline_dag.py
[2026-06-25T00:34:26.271+0000] {processor.py:840} INFO - DAG(s) 'insurance_pipeline' retrieved from /opt/airflow/dags/insurance_pipeline_dag.py
[2026-06-25T00:34:26.384+0000] {logging_mixin.py:188} INFO - [2026-06-25T00:34:26.383+0000] {dag.py:3096} INFO - Sync 1 DAGs
[2026-06-25T00:34:26.457+0000] {logging_mixin.py:188} INFO - [2026-06-25T00:34:26.457+0000] {dag.py:3954} INFO - Setting next_dagrun for insurance_pipeline to 2026-06-24 01:00:00+00:00, run_after=2026-06-25 01:00:00+00:00
[2026-06-25T00:34:26.520+0000] {processor.py:183} INFO - Processing /opt/airflow/dags/insurance_pipeline_dag.py took 0.426 seconds
[2026-06-25T00:34:57.331+0000] {processor.py:161} INFO - Started process (PID=1621) to work on /opt/airflow/dags/insurance_pipeline_dag.py
[2026-06-25T00:34:57.334+0000] {processor.py:830} INFO - Processing file /opt/airflow/dags/insurance_pipeline_dag.py for tasks to queue
[2026-06-25T00:34:57.347+0000] {logging_mixin.py:188} INFO - [2026-06-25T00:34:57.346+0000] {dagbag.py:540} INFO - Filling up the DagBag from /opt/airflow/dags/insurance_pipeline_dag.py
[2026-06-25T00:34:57.438+0000] {processor.py:840} INFO - DAG(s) 'insurance_pipeline' retrieved from /opt/airflow/dags/insurance_pipeline_dag.py
[2026-06-25T00:34:57.561+0000] {logging_mixin.py:188} INFO - [2026-06-25T00:34:57.561+0000] {dag.py:3096} INFO - Sync 1 DAGs
[2026-06-25T00:34:57.629+0000] {logging_mixin.py:188} INFO - [2026-06-25T00:34:57.629+0000] {dag.py:3954} INFO - Setting next_dagrun for insurance_pipeline to 2026-06-24 01:00:00+00:00, run_after=2026-06-25 01:00:00+00:00
[2026-06-25T00:34:57.685+0000] {processor.py:183} INFO - Processing /opt/airflow/dags/insurance_pipeline_dag.py took 0.382 seconds
[2026-06-25T00:35:28.133+0000] {processor.py:161} INFO - Started process (PID=1626) to work on /opt/airflow/dags/insurance_pipeline_dag.py
[2026-06-25T00:35:28.139+0000] {processor.py:830} INFO - Processing file /opt/airflow/dags/insurance_pipeline_dag.py for tasks to queue
[2026-06-25T00:35:28.151+0000] {logging_mixin.py:188} INFO - [2026-06-25T00:35:28.149+0000] {dagbag.py:540} INFO - Filling up the DagBag from /opt/airflow/dags/insurance_pipeline_dag.py
[2026-06-25T00:35:28.263+0000] {processor.py:840} INFO - DAG(s) 'insurance_pipeline' retrieved from /opt/airflow/dags/insurance_pipeline_dag.py
[2026-06-25T00:35:28.404+0000] {logging_mixin.py:188} INFO - [2026-06-25T00:35:28.403+0000] {dag.py:3096} INFO - Sync 1 DAGs
[2026-06-25T00:35:28.502+0000] {logging_mixin.py:188} INFO - [2026-06-25T00:35:28.502+0000] {dag.py:3954} INFO - Setting next_dagrun for insurance_pipeline to 2026-06-24 01:00:00+00:00, run_after=2026-06-25 01:00:00+00:00
[2026-06-25T00:35:28.598+0000] {processor.py:183} INFO - Processing /opt/airflow/dags/insurance_pipeline_dag.py took 0.513 seconds
[2026-06-25T00:35:59.073+0000] {processor.py:161} INFO - Started process (PID=1631) to work on /opt/airflow/dags/insurance_pipeline_dag.py
[2026-06-25T00:35:59.077+0000] {processor.py:830} INFO - Processing file /opt/airflow/dags/insurance_pipeline_dag.py for tasks to queue
[2026-06-25T00:35:59.093+0000] {logging_mixin.py:188} INFO - [2026-06-25T00:35:59.092+0000] {dagbag.py:540} INFO - Filling up the DagBag from /opt/airflow/dags/insurance_pipeline_dag.py
[2026-06-25T00:35:59.188+0000] {processor.py:840} INFO - DAG(s) 'insurance_pipeline' retrieved from /opt/airflow/dags/insurance_pipeline_dag.py
[2026-06-25T00:35:59.301+0000] {logging_mixin.py:188} INFO - [2026-06-25T00:35:59.300+0000] {dag.py:3096} INFO - Sync 1 DAGs
[2026-06-25T00:35:59.389+0000] {logging_mixin.py:188} INFO - [2026-06-25T00:35:59.388+0000] {dag.py:3954} INFO - Setting next_dagrun for insurance_pipeline to 2026-06-24 01:00:00+00:00, run_after=2026-06-25 01:00:00+00:00
[2026-06-25T00:35:59.476+0000] {processor.py:183} INFO - Processing /opt/airflow/dags/insurance_pipeline_dag.py took 0.437 seconds
[2026-06-25T00:36:29.867+0000] {processor.py:161} INFO - Started process (PID=1636) to work on /opt/airflow/dags/insurance_pipeline_dag.py
[2026-06-25T00:36:29.873+0000] {processor.py:830} INFO - Processing file /opt/airflow/dags/insurance_pipeline_dag.py for tasks to queue
[2026-06-25T00:36:29.880+0000] {logging_mixin.py:188} INFO - [2026-06-25T00:36:29.879+0000] {dagbag.py:540} INFO - Filling up the DagBag from /opt/airflow/dags/insurance_pipeline_dag.py
[2026-06-25T00:36:29.990+0000] {processor.py:840} INFO - DAG(s) 'insurance_pipeline' retrieved from /opt/airflow/dags/insurance_pipeline_dag.py
[2026-06-25T00:36:30.126+0000] {logging_mixin.py:188} INFO - [2026-06-25T00:36:30.126+0000] {dag.py:3096} INFO - Sync 1 DAGs
[2026-06-25T00:36:30.213+0000] {logging_mixin.py:188} INFO - [2026-06-25T00:36:30.212+0000] {dag.py:3954} INFO - Setting next_dagrun for insurance_pipeline to 2026-06-24 01:00:00+00:00, run_after=2026-06-25 01:00:00+00:00
[2026-06-25T00:36:30.296+0000] {processor.py:183} INFO - Processing /opt/airflow/dags/insurance_pipeline_dag.py took 0.469 seconds
[2026-06-25T00:37:01.080+0000] {processor.py:161} INFO - Started process (PID=1641) to work on /opt/airflow/dags/insurance_pipeline_dag.py
[2026-06-25T00:37:01.084+0000] {processor.py:830} INFO - Processing file /opt/airflow/dags/insurance_pipeline_dag.py for tasks to queue
[2026-06-25T00:37:01.096+0000] {logging_mixin.py:188} INFO - [2026-06-25T00:37:01.094+0000] {dagbag.py:540} INFO - Filling up the DagBag from /opt/airflow/dags/insurance_pipeline_dag.py
[2026-06-25T00:37:01.198+0000] {processor.py:840} INFO - DAG(s) 'insurance_pipeline' retrieved from /opt/airflow/dags/insurance_pipeline_dag.py
[2026-06-25T00:37:01.319+0000] {logging_mixin.py:188} INFO - [2026-06-25T00:37:01.318+0000] {dag.py:3096} INFO - Sync 1 DAGs
[2026-06-25T00:37:01.398+0000] {logging_mixin.py:188} INFO - [2026-06-25T00:37:01.397+0000] {dag.py:3954} INFO - Setting next_dagrun for insurance_pipeline to 2026-06-24 01:00:00+00:00, run_after=2026-06-25 01:00:00+00:00
[2026-06-25T00:37:01.475+0000] {processor.py:183} INFO - Processing /opt/airflow/dags/insurance_pipeline_dag.py took 0.432 seconds
