[2026-06-24T23:03:02.538+0000] {local_task_job_runner.py:120} INFO - ::group::Pre task execution logs
[2026-06-24T23:03:02.586+0000] {taskinstance.py:2073} INFO - Dependencies all met for dep_context=non-requeueable deps ti=<TaskInstance: insurance_pipeline.load_fact_sales manual__2026-06-24T22:50:48+00:00 [queued]>
[2026-06-24T23:03:02.598+0000] {taskinstance.py:2073} INFO - Dependencies all met for dep_context=requeueable deps ti=<TaskInstance: insurance_pipeline.load_fact_sales manual__2026-06-24T22:50:48+00:00 [queued]>
[2026-06-24T23:03:02.599+0000] {taskinstance.py:2303} INFO - Starting attempt 1 of 2
[2026-06-24T23:03:02.617+0000] {taskinstance.py:2327} INFO - Executing <Task(PythonOperator): load_fact_sales> on 2026-06-24 22:50:48+00:00
[2026-06-24T23:03:02.631+0000] {standard_task_runner.py:90} INFO - Running: ['***', 'tasks', 'run', 'insurance_pipeline', 'load_fact_sales', 'manual__2026-06-24T22:50:48+00:00', '--job-id', '34', '--raw', '--subdir', 'DAGS_FOLDER/insurance_pipeline_dag.py', '--cfg-path', '/tmp/tmpivhtqa1n']
[2026-06-24T23:03:02.635+0000] {standard_task_runner.py:91} INFO - Job 34: Subtask load_fact_sales
[2026-06-24T23:03:02.639+0000] {logging_mixin.py:188} WARNING - /home/***/.local/lib/python3.12/site-packages/***/task/task_runner/standard_task_runner.py:61 DeprecationWarning: This process (pid=805) is multi-threaded, use of fork() may lead to deadlocks in the child.
[2026-06-24T23:03:02.641+0000] {standard_task_runner.py:63} INFO - Started process 806 to run task
[2026-06-24T23:03:02.729+0000] {task_command.py:426} INFO - Running <TaskInstance: insurance_pipeline.load_fact_sales manual__2026-06-24T22:50:48+00:00 [running]> on host b726b1f95560
[2026-06-24T23:03:02.858+0000] {taskinstance.py:2644} INFO - Exporting env vars: AIRFLOW_CTX_DAG_OWNER='lewis' AIRFLOW_CTX_DAG_ID='insurance_pipeline' AIRFLOW_CTX_TASK_ID='load_fact_sales' AIRFLOW_CTX_EXECUTION_DATE='2026-06-24T22:50:48+00:00' AIRFLOW_CTX_TRY_NUMBER='1' AIRFLOW_CTX_DAG_RUN_ID='manual__2026-06-24T22:50:48+00:00'
[2026-06-24T23:03:02.860+0000] {taskinstance.py:430} INFO - ::endgroup::
[2026-06-24T23:03:02.878+0000] {logging_mixin.py:188} INFO - ▶ Running: /opt/***/scripts/08_load_fact_sales.py
[2026-06-24T23:03:14.398+0000] {logging_mixin.py:188} INFO - STDERR: 2026-06-24 23:03:04 | INFO | =======================================================
2026-06-24 23:03:04 | INFO | fact_sales ETL PIPELINE STARTED
2026-06-24 23:03:04 | INFO | =======================================================
2026-06-24 23:03:04 | INFO | EXTRACT: pulling source tables...
2026-06-24 23:03:05 | INFO |   policies     : 20,000 rows
2026-06-24 23:03:05 | INFO |   dim_customer : 8,000 rows
2026-06-24 23:03:05 | INFO |   dim_policy_type: 4 rows
2026-06-24 23:03:05 | INFO |   dim_county   : 5 rows
2026-06-24 23:03:05 | INFO |   dim_agent    : 216 rows
2026-06-24 23:03:05 | INFO | VALIDATE: checking source data quality...
2026-06-24 23:03:05 | INFO |   All source validations passed
2026-06-24 23:03:05 | INFO | TRANSFORM: building fact_sales structure...
2026-06-24 23:03:06 | INFO |   Transformed : 20,000 rows
2026-06-24 23:03:06 | INFO |   Columns     : ['sale_id', 'policy_id', 'customer_id', 'agent_id', 'date_key', 'policy_type_id', 'county_id', 'premium_amount', 'commission_rate', 'policy_type', 'start_date', 'end_date', 'policy_status']
2026-06-24 23:03:06 | INFO |   Null check  : {'sale_id': 0, 'policy_id': 0, 'customer_id': 0, 'agent_id': 0, 'date_key': 0, 'policy_type_id': 0, 'county_id': 0, 'premium_amount': 0, 'commission_rate': 0, 'policy_type': 0, 'start_date': 0, 'end_date': 0, 'policy_status': 0}
2026-06-24 23:03:06 | INFO |   Skipped 2,000 existing policy_ids. New rows: 18,000
2026-06-24 23:03:06 | INFO | LOAD: inserting 18,000 rows into fact_sales...
2026-06-24 23:03:13 | INFO |   Load complete
2026-06-24 23:03:13 | INFO | VERIFY: post-load checks...
2026-06-24 23:03:14 | INFO |   Total rows   : 20,000
2026-06-24 23:03:14 | INFO |   Null premiums: 0
2026-06-24 23:03:14 | INFO |   Orphaned rows: 0
2026-06-24 23:03:14 | INFO | 
policy_type  cnt  total_premium
  Education 5013   138664808.10
     Health 5023   138589122.39
       Auto 5020   137857436.49
       Life 4944   135316906.06
2026-06-24 23:03:14 | INFO |   All post-load checks passed
2026-06-24 23:03:14 | INFO | =======================================================
2026-06-24 23:03:14 | INFO | PIPELINE COMPLETE in 9s
2026-06-24 23:03:14 | INFO | =======================================================
[2026-06-24T23:03:14.400+0000] {logging_mixin.py:188} INFO - ✅ 08_load_fact_sales.py completed successfully
[2026-06-24T23:03:14.401+0000] {python.py:237} INFO - Done. Returned value was: None
[2026-06-24T23:03:14.402+0000] {taskinstance.py:441} INFO - ::group::Post task execution logs
[2026-06-24T23:03:14.421+0000] {taskinstance.py:1205} INFO - Marking task as SUCCESS. dag_id=insurance_pipeline, task_id=load_fact_sales, execution_date=20260624T225048, start_date=20260624T230302, end_date=20260624T230314
[2026-06-24T23:03:14.493+0000] {local_task_job_runner.py:240} INFO - Task exited with return code 0
[2026-06-24T23:03:14.532+0000] {taskinstance.py:3482} INFO - 1 downstream tasks scheduled from follow-on schedule check
[2026-06-24T23:03:14.537+0000] {local_task_job_runner.py:222} INFO - ::endgroup::
