[2026-06-24T22:57:03.908+0000] {local_task_job_runner.py:120} INFO - ::group::Pre task execution logs
[2026-06-24T22:57:03.950+0000] {taskinstance.py:2073} INFO - Dependencies all met for dep_context=non-requeueable deps ti=<TaskInstance: insurance_pipeline.load_policies manual__2026-06-24T22:50:48+00:00 [queued]>
[2026-06-24T22:57:03.965+0000] {taskinstance.py:2073} INFO - Dependencies all met for dep_context=requeueable deps ti=<TaskInstance: insurance_pipeline.load_policies manual__2026-06-24T22:50:48+00:00 [queued]>
[2026-06-24T22:57:03.966+0000] {taskinstance.py:2303} INFO - Starting attempt 1 of 2
[2026-06-24T22:57:03.983+0000] {taskinstance.py:2327} INFO - Executing <Task(PythonOperator): load_policies> on 2026-06-24 22:50:48+00:00
[2026-06-24T22:57:03.996+0000] {standard_task_runner.py:90} INFO - Running: ['***', 'tasks', 'run', 'insurance_pipeline', 'load_policies', 'manual__2026-06-24T22:50:48+00:00', '--job-id', '26', '--raw', '--subdir', 'DAGS_FOLDER/insurance_pipeline_dag.py', '--cfg-path', '/tmp/tmpj8ogyx_b']
[2026-06-24T22:57:04.000+0000] {standard_task_runner.py:91} INFO - Job 26: Subtask load_policies
[2026-06-24T22:57:04.004+0000] {logging_mixin.py:188} WARNING - /home/***/.local/lib/python3.12/site-packages/***/task/task_runner/standard_task_runner.py:61 DeprecationWarning: This process (pid=603) is multi-threaded, use of fork() may lead to deadlocks in the child.
[2026-06-24T22:57:04.005+0000] {standard_task_runner.py:63} INFO - Started process 604 to run task
[2026-06-24T22:57:04.094+0000] {task_command.py:426} INFO - Running <TaskInstance: insurance_pipeline.load_policies manual__2026-06-24T22:50:48+00:00 [running]> on host b726b1f95560
[2026-06-24T22:57:04.228+0000] {taskinstance.py:2644} INFO - Exporting env vars: AIRFLOW_CTX_DAG_OWNER='lewis' AIRFLOW_CTX_DAG_ID='insurance_pipeline' AIRFLOW_CTX_TASK_ID='load_policies' AIRFLOW_CTX_EXECUTION_DATE='2026-06-24T22:50:48+00:00' AIRFLOW_CTX_TRY_NUMBER='1' AIRFLOW_CTX_DAG_RUN_ID='manual__2026-06-24T22:50:48+00:00'
[2026-06-24T22:57:04.229+0000] {taskinstance.py:430} INFO - ::endgroup::
[2026-06-24T22:57:04.242+0000] {logging_mixin.py:188} INFO - ▶ Running: /opt/***/scripts/02_load_policies.py
[2026-06-24T22:57:08.034+0000] {logging_mixin.py:188} INFO - Connected to database
Found 8000 customers
Policies to insert: 8000
Policies inserted successfully
[2026-06-24T22:57:08.035+0000] {logging_mixin.py:188} INFO - ✅ 02_load_policies.py completed successfully
[2026-06-24T22:57:08.036+0000] {python.py:237} INFO - Done. Returned value was: None
[2026-06-24T22:57:08.040+0000] {taskinstance.py:441} INFO - ::group::Post task execution logs
[2026-06-24T22:57:08.063+0000] {taskinstance.py:1205} INFO - Marking task as SUCCESS. dag_id=insurance_pipeline, task_id=load_policies, execution_date=20260624T225048, start_date=20260624T225703, end_date=20260624T225708
[2026-06-24T22:57:08.139+0000] {local_task_job_runner.py:240} INFO - Task exited with return code 0
[2026-06-24T22:57:08.207+0000] {taskinstance.py:3482} INFO - 2 downstream tasks scheduled from follow-on schedule check
[2026-06-24T22:57:08.212+0000] {local_task_job_runner.py:222} INFO - ::endgroup::
