[2026-06-24T22:13:23.970+0000] {local_task_job_runner.py:120} INFO - ::group::Pre task execution logs
[2026-06-24T22:13:24.014+0000] {taskinstance.py:2073} INFO - Dependencies all met for dep_context=non-requeueable deps ti=<TaskInstance: insurance_pipeline.generate_customers scheduled__2026-06-23T01:00:00+00:00 [queued]>
[2026-06-24T22:13:24.027+0000] {taskinstance.py:2073} INFO - Dependencies all met for dep_context=requeueable deps ti=<TaskInstance: insurance_pipeline.generate_customers scheduled__2026-06-23T01:00:00+00:00 [queued]>
[2026-06-24T22:13:24.028+0000] {taskinstance.py:2303} INFO - Starting attempt 1 of 2
[2026-06-24T22:13:24.045+0000] {taskinstance.py:2327} INFO - Executing <Task(PythonOperator): generate_customers> on 2026-06-23 01:00:00+00:00
[2026-06-24T22:13:24.060+0000] {logging_mixin.py:188} WARNING - /home/***/.local/lib/python3.12/site-packages/***/task/task_runner/standard_task_runner.py:61 DeprecationWarning: This process (pid=248) is multi-threaded, use of fork() may lead to deadlocks in the child.
[2026-06-24T22:13:24.057+0000] {standard_task_runner.py:90} INFO - Running: ['***', 'tasks', 'run', 'insurance_pipeline', 'generate_customers', 'scheduled__2026-06-23T01:00:00+00:00', '--job-id', '2', '--raw', '--subdir', 'DAGS_FOLDER/insurance_pipeline_dag.py', '--cfg-path', '/tmp/tmpngt41vak']
[2026-06-24T22:13:24.062+0000] {standard_task_runner.py:63} INFO - Started process 249 to run task
[2026-06-24T22:13:24.062+0000] {standard_task_runner.py:91} INFO - Job 2: Subtask generate_customers
[2026-06-24T22:13:24.157+0000] {task_command.py:426} INFO - Running <TaskInstance: insurance_pipeline.generate_customers scheduled__2026-06-23T01:00:00+00:00 [running]> on host d3280850314d
[2026-06-24T22:13:24.290+0000] {taskinstance.py:2644} INFO - Exporting env vars: AIRFLOW_CTX_DAG_OWNER='lewis' AIRFLOW_CTX_DAG_ID='insurance_pipeline' AIRFLOW_CTX_TASK_ID='generate_customers' AIRFLOW_CTX_EXECUTION_DATE='2026-06-23T01:00:00+00:00' AIRFLOW_CTX_TRY_NUMBER='1' AIRFLOW_CTX_DAG_RUN_ID='scheduled__2026-06-23T01:00:00+00:00'
[2026-06-24T22:13:24.291+0000] {taskinstance.py:430} INFO - ::endgroup::
[2026-06-24T22:13:24.330+0000] {logging_mixin.py:188} INFO - ▶ Running: /opt/***/scripts/01_generate_customers.py
[2026-06-24T22:13:24.412+0000] {logging_mixin.py:188} INFO - STDERR: Traceback (most recent call last):
  File "/opt/***/scripts/01_generate_customers.py", line 5, in <module>
    from faker import Faker
ModuleNotFoundError: No module named 'faker'
[2026-06-24T22:13:24.413+0000] {taskinstance.py:441} INFO - ::group::Post task execution logs
[2026-06-24T22:13:24.414+0000] {taskinstance.py:2890} ERROR - Task failed with exception
Traceback (most recent call last):
  File "/home/airflow/.local/lib/python3.12/site-packages/airflow/models/taskinstance.py", line 465, in _execute_task
    result = _execute_callable(context=context, **execute_callable_kwargs)
             ^^^^^^^^^^^^^^^^^^^^^^^^^^^^^^^^^^^^^^^^^^^^^^^^^^^^^^^^^^^^^
  File "/home/airflow/.local/lib/python3.12/site-packages/airflow/models/taskinstance.py", line 432, in _execute_callable
    return execute_callable(context=context, **execute_callable_kwargs)
           ^^^^^^^^^^^^^^^^^^^^^^^^^^^^^^^^^^^^^^^^^^^^^^^^^^^^^^^^^^^^
  File "/home/airflow/.local/lib/python3.12/site-packages/airflow/models/baseoperator.py", line 400, in wrapper
    return func(self, *args, **kwargs)
           ^^^^^^^^^^^^^^^^^^^^^^^^^^^
  File "/home/airflow/.local/lib/python3.12/site-packages/airflow/operators/python.py", line 235, in execute
    return_value = self.execute_callable()
                   ^^^^^^^^^^^^^^^^^^^^^^^
  File "/home/airflow/.local/lib/python3.12/site-packages/airflow/operators/python.py", line 252, in execute_callable
    return self.python_callable(*self.op_args, **self.op_kwargs)
           ^^^^^^^^^^^^^^^^^^^^^^^^^^^^^^^^^^^^^^^^^^^^^^^^^^^^^
  File "/opt/airflow/dags/insurance_pipeline_dag.py", line 63, in run_script
    raise Exception(f"❌ {script_name} failed with code {result.returncode}")
Exception: ❌ 01_generate_customers.py failed with code 1
[2026-06-24T22:13:24.432+0000] {taskinstance.py:1205} INFO - Marking task as UP_FOR_RETRY. dag_id=insurance_pipeline, task_id=generate_customers, execution_date=20260623T010000, start_date=20260624T221324, end_date=20260624T221324
[2026-06-24T22:13:24.447+0000] {standard_task_runner.py:110} ERROR - Failed to execute job 2 for task generate_customers (❌ 01_generate_customers.py failed with code 1; 249)
[2026-06-24T22:13:24.478+0000] {local_task_job_runner.py:240} INFO - Task exited with return code 1
[2026-06-24T22:13:24.514+0000] {taskinstance.py:3482} INFO - 0 downstream tasks scheduled from follow-on schedule check
[2026-06-24T22:13:24.518+0000] {local_task_job_runner.py:222} INFO - ::endgroup::
