[2026-06-24T22:57:30.299+0000] {local_task_job_runner.py:120} INFO - ::group::Pre task execution logs
[2026-06-24T22:57:30.342+0000] {taskinstance.py:2073} INFO - Dependencies all met for dep_context=non-requeueable deps ti=<TaskInstance: insurance_pipeline.load_payments manual__2026-06-24T22:50:48+00:00 [queued]>
[2026-06-24T22:57:30.357+0000] {taskinstance.py:2073} INFO - Dependencies all met for dep_context=requeueable deps ti=<TaskInstance: insurance_pipeline.load_payments manual__2026-06-24T22:50:48+00:00 [queued]>
[2026-06-24T22:57:30.358+0000] {taskinstance.py:2303} INFO - Starting attempt 1 of 2
[2026-06-24T22:57:30.377+0000] {taskinstance.py:2327} INFO - Executing <Task(PythonOperator): load_payments> on 2026-06-24 22:50:48+00:00
[2026-06-24T22:57:30.390+0000] {standard_task_runner.py:90} INFO - Running: ['***', 'tasks', 'run', 'insurance_pipeline', 'load_payments', 'manual__2026-06-24T22:50:48+00:00', '--job-id', '30', '--raw', '--subdir', 'DAGS_FOLDER/insurance_pipeline_dag.py', '--cfg-path', '/tmp/tmp8cosxrbn']
[2026-06-24T22:57:30.394+0000] {standard_task_runner.py:91} INFO - Job 30: Subtask load_payments
[2026-06-24T22:57:30.397+0000] {logging_mixin.py:188} WARNING - /home/***/.local/lib/python3.12/site-packages/***/task/task_runner/standard_task_runner.py:61 DeprecationWarning: This process (pid=668) is multi-threaded, use of fork() may lead to deadlocks in the child.
[2026-06-24T22:57:30.398+0000] {standard_task_runner.py:63} INFO - Started process 669 to run task
[2026-06-24T22:57:30.499+0000] {task_command.py:426} INFO - Running <TaskInstance: insurance_pipeline.load_payments manual__2026-06-24T22:50:48+00:00 [running]> on host b726b1f95560
[2026-06-24T22:57:30.661+0000] {taskinstance.py:2644} INFO - Exporting env vars: AIRFLOW_CTX_DAG_OWNER='lewis' AIRFLOW_CTX_DAG_ID='insurance_pipeline' AIRFLOW_CTX_TASK_ID='load_payments' AIRFLOW_CTX_EXECUTION_DATE='2026-06-24T22:50:48+00:00' AIRFLOW_CTX_TRY_NUMBER='1' AIRFLOW_CTX_DAG_RUN_ID='manual__2026-06-24T22:50:48+00:00'
[2026-06-24T22:57:30.663+0000] {taskinstance.py:430} INFO - ::endgroup::
[2026-06-24T22:57:30.695+0000] {logging_mixin.py:188} INFO - ▶ Running: /opt/***/scripts/06_load_payments.py
[2026-06-24T22:57:52.304+0000] {logging_mixin.py:188} INFO - Payments loaded
[2026-06-24T22:57:52.305+0000] {logging_mixin.py:188} INFO - ✅ 06_load_payments.py completed successfully
[2026-06-24T22:57:52.306+0000] {python.py:237} INFO - Done. Returned value was: None
[2026-06-24T22:57:52.307+0000] {taskinstance.py:441} INFO - ::group::Post task execution logs
[2026-06-24T22:57:52.325+0000] {taskinstance.py:1205} INFO - Marking task as SUCCESS. dag_id=insurance_pipeline, task_id=load_payments, execution_date=20260624T225048, start_date=20260624T225730, end_date=20260624T225752
[2026-06-24T22:57:52.397+0000] {local_task_job_runner.py:240} INFO - Task exited with return code 0
[2026-06-24T22:57:52.436+0000] {taskinstance.py:3482} INFO - 1 downstream tasks scheduled from follow-on schedule check
[2026-06-24T22:57:52.440+0000] {local_task_job_runner.py:222} INFO - ::endgroup::
