[2026-06-24T22:57:08.871+0000] {local_task_job_runner.py:120} INFO - ::group::Pre task execution logs
[2026-06-24T22:57:08.923+0000] {taskinstance.py:2073} INFO - Dependencies all met for dep_context=non-requeueable deps ti=<TaskInstance: insurance_pipeline.load_claims manual__2026-06-24T22:50:48+00:00 [queued]>
[2026-06-24T22:57:08.937+0000] {taskinstance.py:2073} INFO - Dependencies all met for dep_context=requeueable deps ti=<TaskInstance: insurance_pipeline.load_claims manual__2026-06-24T22:50:48+00:00 [queued]>
[2026-06-24T22:57:08.938+0000] {taskinstance.py:2303} INFO - Starting attempt 1 of 2
[2026-06-24T22:57:08.957+0000] {taskinstance.py:2327} INFO - Executing <Task(PythonOperator): load_claims> on 2026-06-24 22:50:48+00:00
[2026-06-24T22:57:08.971+0000] {standard_task_runner.py:90} INFO - Running: ['***', 'tasks', 'run', 'insurance_pipeline', 'load_claims', 'manual__2026-06-24T22:50:48+00:00', '--job-id', '27', '--raw', '--subdir', 'DAGS_FOLDER/insurance_pipeline_dag.py', '--cfg-path', '/tmp/tmp8lwt35gt']
[2026-06-24T22:57:08.976+0000] {standard_task_runner.py:91} INFO - Job 27: Subtask load_claims
[2026-06-24T22:57:08.980+0000] {logging_mixin.py:188} WARNING - /home/***/.local/lib/python3.12/site-packages/***/task/task_runner/standard_task_runner.py:61 DeprecationWarning: This process (pid=623) is multi-threaded, use of fork() may lead to deadlocks in the child.
[2026-06-24T22:57:08.982+0000] {standard_task_runner.py:63} INFO - Started process 625 to run task
[2026-06-24T22:57:09.093+0000] {task_command.py:426} INFO - Running <TaskInstance: insurance_pipeline.load_claims manual__2026-06-24T22:50:48+00:00 [running]> on host b726b1f95560
[2026-06-24T22:57:09.227+0000] {taskinstance.py:2644} INFO - Exporting env vars: AIRFLOW_CTX_DAG_OWNER='lewis' AIRFLOW_CTX_DAG_ID='insurance_pipeline' AIRFLOW_CTX_TASK_ID='load_claims' AIRFLOW_CTX_EXECUTION_DATE='2026-06-24T22:50:48+00:00' AIRFLOW_CTX_TRY_NUMBER='1' AIRFLOW_CTX_DAG_RUN_ID='manual__2026-06-24T22:50:48+00:00'
[2026-06-24T22:57:09.229+0000] {taskinstance.py:430} INFO - ::endgroup::
[2026-06-24T22:57:09.246+0000] {logging_mixin.py:188} INFO - ▶ Running: /opt/***/scripts/03_load_claims.py
[2026-06-24T22:57:14.816+0000] {logging_mixin.py:188} INFO - Connected to DB
Found 20000 policies
Generated 8077 claims
Claims loaded successfully
[2026-06-24T22:57:14.817+0000] {logging_mixin.py:188} INFO - ✅ 03_load_claims.py completed successfully
[2026-06-24T22:57:14.817+0000] {python.py:237} INFO - Done. Returned value was: None
[2026-06-24T22:57:14.819+0000] {taskinstance.py:441} INFO - ::group::Post task execution logs
[2026-06-24T22:57:14.834+0000] {taskinstance.py:1205} INFO - Marking task as SUCCESS. dag_id=insurance_pipeline, task_id=load_claims, execution_date=20260624T225048, start_date=20260624T225708, end_date=20260624T225714
[2026-06-24T22:57:14.899+0000] {local_task_job_runner.py:240} INFO - Task exited with return code 0
[2026-06-24T22:57:14.941+0000] {taskinstance.py:3482} INFO - 0 downstream tasks scheduled from follow-on schedule check
[2026-06-24T22:57:14.946+0000] {local_task_job_runner.py:222} INFO - ::endgroup::
