[2026-06-24T23:02:57.637+0000] {local_task_job_runner.py:120} INFO - ::group::Pre task execution logs
[2026-06-24T23:02:57.686+0000] {taskinstance.py:2073} INFO - Dependencies all met for dep_context=non-requeueable deps ti=<TaskInstance: insurance_pipeline.populate_star_schema manual__2026-06-24T22:50:48+00:00 [queued]>
[2026-06-24T23:02:57.700+0000] {taskinstance.py:2073} INFO - Dependencies all met for dep_context=requeueable deps ti=<TaskInstance: insurance_pipeline.populate_star_schema manual__2026-06-24T22:50:48+00:00 [queued]>
[2026-06-24T23:02:57.702+0000] {taskinstance.py:2303} INFO - Starting attempt 2 of 2
[2026-06-24T23:02:57.722+0000] {taskinstance.py:2327} INFO - Executing <Task(PythonOperator): populate_star_schema> on 2026-06-24 22:50:48+00:00
[2026-06-24T23:02:57.736+0000] {standard_task_runner.py:90} INFO - Running: ['***', 'tasks', 'run', 'insurance_pipeline', 'populate_star_schema', 'manual__2026-06-24T22:50:48+00:00', '--job-id', '32', '--raw', '--subdir', 'DAGS_FOLDER/insurance_pipeline_dag.py', '--cfg-path', '/tmp/tmpnavw1tmm']
[2026-06-24T23:02:57.742+0000] {standard_task_runner.py:91} INFO - Job 32: Subtask populate_star_schema
[2026-06-24T23:02:57.746+0000] {logging_mixin.py:188} WARNING - /home/***/.local/lib/python3.12/site-packages/***/task/task_runner/standard_task_runner.py:61 DeprecationWarning: This process (pid=789) is multi-threaded, use of fork() may lead to deadlocks in the child.
[2026-06-24T23:02:57.747+0000] {standard_task_runner.py:63} INFO - Started process 790 to run task
[2026-06-24T23:02:57.852+0000] {task_command.py:426} INFO - Running <TaskInstance: insurance_pipeline.populate_star_schema manual__2026-06-24T22:50:48+00:00 [running]> on host b726b1f95560
[2026-06-24T23:02:58.016+0000] {taskinstance.py:2644} INFO - Exporting env vars: AIRFLOW_CTX_DAG_OWNER='lewis' AIRFLOW_CTX_DAG_ID='insurance_pipeline' AIRFLOW_CTX_TASK_ID='populate_star_schema' AIRFLOW_CTX_EXECUTION_DATE='2026-06-24T22:50:48+00:00' AIRFLOW_CTX_TRY_NUMBER='2' AIRFLOW_CTX_DAG_RUN_ID='manual__2026-06-24T22:50:48+00:00'
[2026-06-24T23:02:58.018+0000] {taskinstance.py:430} INFO - ::endgroup::
[2026-06-24T23:02:58.050+0000] {logging_mixin.py:188} INFO - ▶ Running: /opt/***/scripts/07_populate_star_schema.py
[2026-06-24T23:03:01.609+0000] {logging_mixin.py:188} INFO - Starting star schema dimension pipeline...

Populating dim_date...
  dim_date already populated

Populating dim_policy_type...
  dim_policy_type already populated

Populating dim_county...
  dim_county already populated

Populating dim_claim_status...
  dim_claim_status already populated

Populating dim_customer...
  dim_customer already populated

Populating dim_agent...
  dim_agent loaded: 200 rows

=======================================================
STAR SCHEMA DIMENSIONS — FINAL VERIFICATION
=======================================================
  DIM  dim_date                    4383 rows
  DIM  dim_customer                8000 rows
  DIM  dim_policy_type                4 rows
  DIM  dim_county                     5 rows
  DIM  dim_agent                    220 rows
  DIM  dim_claim_status               5 rows
=======================================================

Dimensions fully loaded and verified.
Ready for fact table ETL.
[2026-06-24T23:03:01.609+0000] {logging_mixin.py:188} INFO - ✅ 07_populate_star_schema.py completed successfully
[2026-06-24T23:03:01.610+0000] {python.py:237} INFO - Done. Returned value was: None
[2026-06-24T23:03:01.611+0000] {taskinstance.py:441} INFO - ::group::Post task execution logs
[2026-06-24T23:03:01.627+0000] {taskinstance.py:1205} INFO - Marking task as SUCCESS. dag_id=insurance_pipeline, task_id=populate_star_schema, execution_date=20260624T225048, start_date=20260624T230257, end_date=20260624T230301
[2026-06-24T23:03:01.683+0000] {local_task_job_runner.py:240} INFO - Task exited with return code 0
[2026-06-24T23:03:01.721+0000] {taskinstance.py:3482} INFO - 2 downstream tasks scheduled from follow-on schedule check
[2026-06-24T23:03:01.725+0000] {local_task_job_runner.py:222} INFO - ::endgroup::
