[2026-06-24T22:51:13.242+0000] {local_task_job_runner.py:120} INFO - ::group::Pre task execution logs
[2026-06-24T22:51:13.284+0000] {taskinstance.py:2073} INFO - Dependencies all met for dep_context=non-requeueable deps ti=<TaskInstance: insurance_pipeline.load_policies manual__2026-06-24T22:46:31+00:00 [queued]>
[2026-06-24T22:51:13.294+0000] {taskinstance.py:2073} INFO - Dependencies all met for dep_context=requeueable deps ti=<TaskInstance: insurance_pipeline.load_policies manual__2026-06-24T22:46:31+00:00 [queued]>
[2026-06-24T22:51:13.296+0000] {taskinstance.py:2303} INFO - Starting attempt 1 of 2
[2026-06-24T22:51:13.313+0000] {taskinstance.py:2327} INFO - Executing <Task(PythonOperator): load_policies> on 2026-06-24 22:46:31+00:00
[2026-06-24T22:51:13.326+0000] {standard_task_runner.py:90} INFO - Running: ['***', 'tasks', 'run', 'insurance_pipeline', 'load_policies', 'manual__2026-06-24T22:46:31+00:00', '--job-id', '18', '--raw', '--subdir', 'DAGS_FOLDER/insurance_pipeline_dag.py', '--cfg-path', '/tmp/tmpg7ghj_lu']
[2026-06-24T22:51:13.329+0000] {logging_mixin.py:188} WARNING - /home/***/.local/lib/python3.12/site-packages/***/task/task_runner/standard_task_runner.py:61 DeprecationWarning: This process (pid=421) is multi-threaded, use of fork() may lead to deadlocks in the child.
[2026-06-24T22:51:13.330+0000] {standard_task_runner.py:91} INFO - Job 18: Subtask load_policies
[2026-06-24T22:51:13.330+0000] {standard_task_runner.py:63} INFO - Started process 422 to run task
[2026-06-24T22:51:13.419+0000] {task_command.py:426} INFO - Running <TaskInstance: insurance_pipeline.load_policies manual__2026-06-24T22:46:31+00:00 [running]> on host b726b1f95560
[2026-06-24T22:51:13.534+0000] {taskinstance.py:2644} INFO - Exporting env vars: AIRFLOW_CTX_DAG_OWNER='lewis' AIRFLOW_CTX_DAG_ID='insurance_pipeline' AIRFLOW_CTX_TASK_ID='load_policies' AIRFLOW_CTX_EXECUTION_DATE='2026-06-24T22:46:31+00:00' AIRFLOW_CTX_TRY_NUMBER='1' AIRFLOW_CTX_DAG_RUN_ID='manual__2026-06-24T22:46:31+00:00'
[2026-06-24T22:51:13.538+0000] {taskinstance.py:430} INFO - ::endgroup::
[2026-06-24T22:51:13.552+0000] {logging_mixin.py:188} INFO - ▶ Running: /opt/***/scripts/02_load_policies.py
[2026-06-24T22:51:16.652+0000] {logging_mixin.py:188} INFO - Connected to database
Found 6000 customers
Policies to insert: 6000
Policies inserted successfully
[2026-06-24T22:51:16.653+0000] {logging_mixin.py:188} INFO - ✅ 02_load_policies.py completed successfully
[2026-06-24T22:51:16.654+0000] {python.py:237} INFO - Done. Returned value was: None
[2026-06-24T22:51:16.655+0000] {taskinstance.py:441} INFO - ::group::Post task execution logs
[2026-06-24T22:51:16.668+0000] {taskinstance.py:1205} INFO - Marking task as SUCCESS. dag_id=insurance_pipeline, task_id=load_policies, execution_date=20260624T224631, start_date=20260624T225113, end_date=20260624T225116
[2026-06-24T22:51:16.719+0000] {local_task_job_runner.py:240} INFO - Task exited with return code 0
[2026-06-24T22:51:16.759+0000] {taskinstance.py:3482} INFO - 2 downstream tasks scheduled from follow-on schedule check
[2026-06-24T22:51:16.763+0000] {local_task_job_runner.py:222} INFO - ::endgroup::
