[2026-06-24T23:09:48.890+0000] {local_task_job_runner.py:120} INFO - ::group::Pre task execution logs
[2026-06-24T23:09:49.043+0000] {taskinstance.py:2073} INFO - Dependencies all met for dep_context=non-requeueable deps ti=<TaskInstance: insurance_pipeline.run_analytics manual__2026-06-24T22:50:48+00:00 [queued]>
[2026-06-24T23:09:49.091+0000] {taskinstance.py:2073} INFO - Dependencies all met for dep_context=requeueable deps ti=<TaskInstance: insurance_pipeline.run_analytics manual__2026-06-24T22:50:48+00:00 [queued]>
[2026-06-24T23:09:49.093+0000] {taskinstance.py:2303} INFO - Starting attempt 2 of 2
[2026-06-24T23:09:49.151+0000] {taskinstance.py:2327} INFO - Executing <Task(PythonOperator): run_analytics> on 2026-06-24 22:50:48+00:00
[2026-06-24T23:09:49.186+0000] {standard_task_runner.py:90} INFO - Running: ['***', 'tasks', 'run', 'insurance_pipeline', 'run_analytics', 'manual__2026-06-24T22:50:48+00:00', '--job-id', '37', '--raw', '--subdir', 'DAGS_FOLDER/insurance_pipeline_dag.py', '--cfg-path', '/tmp/tmpm86h2ou9']
[2026-06-24T23:09:49.195+0000] {standard_task_runner.py:91} INFO - Job 37: Subtask run_analytics
[2026-06-24T23:09:49.209+0000] {logging_mixin.py:188} WARNING - /home/***/.local/lib/python3.12/site-packages/***/task/task_runner/standard_task_runner.py:61 DeprecationWarning: This process (pid=960) is multi-threaded, use of fork() may lead to deadlocks in the child.
[2026-06-24T23:09:49.212+0000] {standard_task_runner.py:63} INFO - Started process 961 to run task
[2026-06-24T23:09:49.411+0000] {task_command.py:426} INFO - Running <TaskInstance: insurance_pipeline.run_analytics manual__2026-06-24T22:50:48+00:00 [running]> on host b726b1f95560
[2026-06-24T23:09:49.693+0000] {taskinstance.py:2644} INFO - Exporting env vars: AIRFLOW_CTX_DAG_OWNER='lewis' AIRFLOW_CTX_DAG_ID='insurance_pipeline' AIRFLOW_CTX_TASK_ID='run_analytics' AIRFLOW_CTX_EXECUTION_DATE='2026-06-24T22:50:48+00:00' AIRFLOW_CTX_TRY_NUMBER='2' AIRFLOW_CTX_DAG_RUN_ID='manual__2026-06-24T22:50:48+00:00'
[2026-06-24T23:09:49.696+0000] {taskinstance.py:430} INFO - ::endgroup::
[2026-06-24T23:09:49.718+0000] {logging_mixin.py:188} INFO - ▶ Running: /opt/***/scripts/11_analytics.py
[2026-06-24T23:11:27.262+0000] {logging_mixin.py:188} INFO - summary_stats view ready
Insurance Analytics Platform
=======================================================
Loading data from PostgreSQL...
Data loaded successfully
   Monthly records  : 34
   Counties         : 5
   Claim statuses   : 4
   Agents           : 10

Building Chart 1: Monthly Premium Trend...
   Saved: 01_monthly_premium_trend.png
Building Chart 2: Premium by County...
   Saved: 02_premium_by_county.png
Building Chart 3: Policy Type Distribution...
   Saved: 03_policy_type_distribution.png
Building Chart 4: Claims by Status...
   Saved: 04_claims_by_status.png
Building Chart 5: Loss Ratio...
   Saved: 05_loss_ratio.png
Building Chart 6: Agent Performance...
   Saved: 06_agent_performance.png
Building Chart 7: Payment Methods...
   Saved: 07_payment_methods.png
Building Chart 8: Late Payment Rates...
   Saved: 08_late_payments.png
Building Chart 9: Customer Age Bands...
   Saved: 09_age_band_analysis.png
Building Chart 10: Collections vs Premium...
   Saved: 10_collections_vs_premium.png

Building Master Dashboard...
   Saved: 00_master_dashboard.png

=======================================================
PLATFORM SUMMARY STATS
=======================================================
  Total Customers           8000
  Total Claims              16111
  Total Policies            20000
  Gross Premium (KES)       550428273.04
  Total Collected (KES)     484596660.00
=======================================================

All charts saved to: /opt/***/scripts/../reports/
Analytics complete.
[2026-06-24T23:11:27.264+0000] {logging_mixin.py:188} INFO - STDERR: /opt/***/scripts/11_analytics.py:595: SettingWithCopyWarning: 
A value is trying to be set on a copy of a slice from a DataFrame.
Try using .loc[row_indexer,col_indexer] = value instead

See the caveats in the documentation: https://pandas.pydata.org/pandas-docs/stable/user_guide/indexing.html#returning-a-view-versus-a-copy
  coll["period"] = coll["month_name"].str[:3] + " " + coll["year"].astype(str)
[2026-06-24T23:11:27.265+0000] {logging_mixin.py:188} INFO - ✅ 11_analytics.py completed successfully
[2026-06-24T23:11:27.266+0000] {python.py:237} INFO - Done. Returned value was: None
[2026-06-24T23:11:27.268+0000] {taskinstance.py:441} INFO - ::group::Post task execution logs
[2026-06-24T23:11:27.290+0000] {taskinstance.py:1205} INFO - Marking task as SUCCESS. dag_id=insurance_pipeline, task_id=run_analytics, execution_date=20260624T225048, start_date=20260624T230949, end_date=20260624T231127
[2026-06-24T23:11:27.362+0000] {local_task_job_runner.py:240} INFO - Task exited with return code 0
[2026-06-24T23:11:27.390+0000] {taskinstance.py:3482} INFO - 0 downstream tasks scheduled from follow-on schedule check
[2026-06-24T23:11:27.393+0000] {local_task_job_runner.py:222} INFO - ::endgroup::
