[2026-06-24T22:45:59.087+0000] {local_task_job_runner.py:120} INFO - ::group::Pre task execution logs
[2026-06-24T22:45:59.131+0000] {taskinstance.py:2073} INFO - Dependencies all met for dep_context=non-requeueable deps ti=<TaskInstance: insurance_pipeline.populate_star_schema manual__2026-06-24T22:40:20.970432+00:00 [queued]>
[2026-06-24T22:45:59.145+0000] {taskinstance.py:2073} INFO - Dependencies all met for dep_context=requeueable deps ti=<TaskInstance: insurance_pipeline.populate_star_schema manual__2026-06-24T22:40:20.970432+00:00 [queued]>
[2026-06-24T22:45:59.146+0000] {taskinstance.py:2303} INFO - Starting attempt 1 of 2
[2026-06-24T22:45:59.163+0000] {taskinstance.py:2327} INFO - Executing <Task(PythonOperator): populate_star_schema> on 2026-06-24 22:40:20.970432+00:00
[2026-06-24T22:45:59.176+0000] {standard_task_runner.py:90} INFO - Running: ['***', 'tasks', 'run', 'insurance_pipeline', 'populate_star_schema', 'manual__2026-06-24T22:40:20.970432+00:00', '--job-id', '15', '--raw', '--subdir', 'DAGS_FOLDER/insurance_pipeline_dag.py', '--cfg-path', '/tmp/tmpretfgnpm']
[2026-06-24T22:45:59.179+0000] {standard_task_runner.py:91} INFO - Job 15: Subtask populate_star_schema
[2026-06-24T22:45:59.181+0000] {logging_mixin.py:188} WARNING - /home/***/.local/lib/python3.12/site-packages/***/task/task_runner/standard_task_runner.py:61 DeprecationWarning: This process (pid=269) is multi-threaded, use of fork() may lead to deadlocks in the child.
[2026-06-24T22:45:59.182+0000] {standard_task_runner.py:63} INFO - Started process 270 to run task
[2026-06-24T22:45:59.272+0000] {task_command.py:426} INFO - Running <TaskInstance: insurance_pipeline.populate_star_schema manual__2026-06-24T22:40:20.970432+00:00 [running]> on host b726b1f95560
[2026-06-24T22:45:59.395+0000] {taskinstance.py:2644} INFO - Exporting env vars: AIRFLOW_CTX_DAG_OWNER='lewis' AIRFLOW_CTX_DAG_ID='insurance_pipeline' AIRFLOW_CTX_TASK_ID='populate_star_schema' AIRFLOW_CTX_EXECUTION_DATE='2026-06-24T22:40:20.970432+00:00' AIRFLOW_CTX_TRY_NUMBER='1' AIRFLOW_CTX_DAG_RUN_ID='manual__2026-06-24T22:40:20.970432+00:00'
[2026-06-24T22:45:59.396+0000] {taskinstance.py:430} INFO - ::endgroup::
[2026-06-24T22:45:59.410+0000] {logging_mixin.py:188} INFO - ▶ Running: /opt/***/scripts/07_populate_star_schema.py
[2026-06-24T22:46:01.400+0000] {logging_mixin.py:188} INFO - Starting star schema dimension pipeline...

Populating dim_date...
  dim_date already populated

Populating dim_policy_type...
[2026-06-24T22:46:01.401+0000] {logging_mixin.py:188} INFO - STDERR: /opt/***/scripts/07_populate_star_schema.py:63: RemovedIn20Warning: Deprecated API features detected! These feature(s) are not compatible with SQLAlchemy 2.0. To prevent incompatible upgrades prior to updating applications, ensure requirements files are pinned to "sqlalchemy<2.0". Set environment variable SQLALCHEMY_WARN_20=1 to show all deprecation warnings.  Set environment variable SQLALCHEMY_SILENCE_UBER_WARNING=1 to silence this message. (Background on SQLAlchemy 2.0 at: https://sqlalche.me/e/b8d9)
  conn.execute(text("""
Traceback (most recent call last):
  File "/opt/***/scripts/07_populate_star_schema.py", line 69, in <module>
    conn.commit()
    ^^^^^^^^^^^
AttributeError: 'Connection' object has no attribute 'commit'
[2026-06-24T22:46:01.402+0000] {taskinstance.py:441} INFO - ::group::Post task execution logs
[2026-06-24T22:46:01.403+0000] {taskinstance.py:2890} ERROR - Task failed with exception
Traceback (most recent call last):
  File "/home/airflow/.local/lib/python3.12/site-packages/airflow/models/taskinstance.py", line 465, in _execute_task
    result = _execute_callable(context=context, **execute_callable_kwargs)
             ^^^^^^^^^^^^^^^^^^^^^^^^^^^^^^^^^^^^^^^^^^^^^^^^^^^^^^^^^^^^^
  File "/home/airflow/.local/lib/python3.12/site-packages/airflow/models/taskinstance.py", line 432, in _execute_callable
    return execute_callable(context=context, **execute_callable_kwargs)
           ^^^^^^^^^^^^^^^^^^^^^^^^^^^^^^^^^^^^^^^^^^^^^^^^^^^^^^^^^^^^
  File "/home/airflow/.local/lib/python3.12/site-packages/airflow/models/baseoperator.py", line 400, in wrapper
    return func(self, *args, **kwargs)
           ^^^^^^^^^^^^^^^^^^^^^^^^^^^
  File "/home/airflow/.local/lib/python3.12/site-packages/airflow/operators/python.py", line 235, in execute
    return_value = self.execute_callable()
                   ^^^^^^^^^^^^^^^^^^^^^^^
  File "/home/airflow/.local/lib/python3.12/site-packages/airflow/operators/python.py", line 252, in execute_callable
    return self.python_callable(*self.op_args, **self.op_kwargs)
           ^^^^^^^^^^^^^^^^^^^^^^^^^^^^^^^^^^^^^^^^^^^^^^^^^^^^^
  File "/opt/airflow/dags/insurance_pipeline_dag.py", line 62, in run_script
    raise Exception(f"❌ {script_name} failed with code {result.returncode}")
Exception: ❌ 07_populate_star_schema.py failed with code 1
[2026-06-24T22:46:01.424+0000] {taskinstance.py:1205} INFO - Marking task as UP_FOR_RETRY. dag_id=insurance_pipeline, task_id=populate_star_schema, execution_date=20260624T224020, start_date=20260624T224559, end_date=20260624T224601
[2026-06-24T22:46:01.442+0000] {standard_task_runner.py:110} ERROR - Failed to execute job 15 for task populate_star_schema (❌ 07_populate_star_schema.py failed with code 1; 270)
[2026-06-24T22:46:01.495+0000] {local_task_job_runner.py:240} INFO - Task exited with return code 1
[2026-06-24T22:46:01.530+0000] {taskinstance.py:3482} INFO - 0 downstream tasks scheduled from follow-on schedule check
[2026-06-24T22:46:01.534+0000] {local_task_job_runner.py:222} INFO - ::endgroup::
