[2026-06-24T22:51:02.256+0000] {local_task_job_runner.py:120} INFO - ::group::Pre task execution logs
[2026-06-24T22:51:02.303+0000] {taskinstance.py:2073} INFO - Dependencies all met for dep_context=non-requeueable deps ti=<TaskInstance: insurance_pipeline.populate_star_schema manual__2026-06-24T22:40:20.970432+00:00 [queued]>
[2026-06-24T22:51:02.315+0000] {taskinstance.py:2073} INFO - Dependencies all met for dep_context=requeueable deps ti=<TaskInstance: insurance_pipeline.populate_star_schema manual__2026-06-24T22:40:20.970432+00:00 [queued]>
[2026-06-24T22:51:02.316+0000] {taskinstance.py:2303} INFO - Starting attempt 2 of 2
[2026-06-24T22:51:02.334+0000] {taskinstance.py:2327} INFO - Executing <Task(PythonOperator): populate_star_schema> on 2026-06-24 22:40:20.970432+00:00
[2026-06-24T22:51:02.348+0000] {standard_task_runner.py:90} INFO - Running: ['***', 'tasks', 'run', 'insurance_pipeline', 'populate_star_schema', 'manual__2026-06-24T22:40:20.970432+00:00', '--job-id', '16', '--raw', '--subdir', 'DAGS_FOLDER/insurance_pipeline_dag.py', '--cfg-path', '/tmp/tmpquwl0chr']
[2026-06-24T22:51:02.353+0000] {standard_task_runner.py:91} INFO - Job 16: Subtask populate_star_schema
[2026-06-24T22:51:02.355+0000] {logging_mixin.py:188} WARNING - /home/***/.local/lib/python3.12/site-packages/***/task/task_runner/standard_task_runner.py:61 DeprecationWarning: This process (pid=386) is multi-threaded, use of fork() may lead to deadlocks in the child.
[2026-06-24T22:51:02.357+0000] {standard_task_runner.py:63} INFO - Started process 387 to run task
[2026-06-24T22:51:02.463+0000] {task_command.py:426} INFO - Running <TaskInstance: insurance_pipeline.populate_star_schema manual__2026-06-24T22:40:20.970432+00:00 [running]> on host b726b1f95560
[2026-06-24T22:51:02.595+0000] {taskinstance.py:2644} INFO - Exporting env vars: AIRFLOW_CTX_DAG_OWNER='lewis' AIRFLOW_CTX_DAG_ID='insurance_pipeline' AIRFLOW_CTX_TASK_ID='populate_star_schema' AIRFLOW_CTX_EXECUTION_DATE='2026-06-24T22:40:20.970432+00:00' AIRFLOW_CTX_TRY_NUMBER='2' AIRFLOW_CTX_DAG_RUN_ID='manual__2026-06-24T22:40:20.970432+00:00'
[2026-06-24T22:51:02.597+0000] {taskinstance.py:430} INFO - ::endgroup::
[2026-06-24T22:51:02.609+0000] {logging_mixin.py:188} INFO - ▶ Running: /opt/***/scripts/07_populate_star_schema.py
[2026-06-24T22:51:05.443+0000] {logging_mixin.py:188} INFO - Starting star schema dimension pipeline...

Populating dim_date...
  dim_date already populated

Populating dim_policy_type...
  dim_policy_type already populated

Populating dim_county...
  dim_county already populated

Populating dim_claim_status...
  dim_claim_status already populated

Populating dim_customer...
  dim_customer loaded: 2000 rows

Populating dim_agent...
[2026-06-24T22:51:05.444+0000] {logging_mixin.py:188} INFO - STDERR: Traceback (most recent call last):
  File "/opt/***/scripts/07_populate_star_schema.py", line 227, in <module>
    "agent_code": source_agents["agent_id"].apply(lambda x: x[:8].upper()),
                  ^^^^^^^^^^^^^^^^^^^^^^^^^^^^^^^^^^^^^^^^^^^^^^^^^^^^^^^^
  File "/home/***/.local/lib/python3.12/site-packages/pandas/core/series.py", line 4764, in apply
    ).apply()
      ^^^^^^^
  File "/home/***/.local/lib/python3.12/site-packages/pandas/core/apply.py", line 1209, in apply
    return self.apply_standard()
           ^^^^^^^^^^^^^^^^^^^^^
  File "/home/***/.local/lib/python3.12/site-packages/pandas/core/apply.py", line 1289, in apply_standard
    mapped = obj._map_values(
             ^^^^^^^^^^^^^^^^
  File "/home/***/.local/lib/python3.12/site-packages/pandas/core/base.py", line 921, in _map_values
    return algorithms.map_array(arr, mapper, na_action=na_action, convert=convert)
           ^^^^^^^^^^^^^^^^^^^^^^^^^^^^^^^^^^^^^^^^^^^^^^^^^^^^^^^^^^^^^^^^^^^^^^^
  File "/home/***/.local/lib/python3.12/site-packages/pandas/core/algorithms.py", line 1814, in map_array
    return lib.map_infer(values, mapper, convert=convert)
           ^^^^^^^^^^^^^^^^^^^^^^^^^^^^^^^^^^^^^^^^^^^^^^
  File "lib.pyx", line 2926, in pandas._libs.lib.map_infer
  File "/opt/***/scripts/07_populate_star_schema.py", line 227, in <lambda>
    "agent_code": source_agents["agent_id"].apply(lambda x: x[:8].upper()),
                                                            ~^^^^
TypeError: 'UUID' object is not subscriptable
[2026-06-24T22:51:05.445+0000] {taskinstance.py:441} INFO - ::group::Post task execution logs
[2026-06-24T22:51:05.446+0000] {taskinstance.py:2890} ERROR - Task failed with exception
Traceback (most recent call last):
  File "/home/airflow/.local/lib/python3.12/site-packages/airflow/models/taskinstance.py", line 465, in _execute_task
    result = _execute_callable(context=context, **execute_callable_kwargs)
             ^^^^^^^^^^^^^^^^^^^^^^^^^^^^^^^^^^^^^^^^^^^^^^^^^^^^^^^^^^^^^
  File "/home/airflow/.local/lib/python3.12/site-packages/airflow/models/taskinstance.py", line 432, in _execute_callable
    return execute_callable(context=context, **execute_callable_kwargs)
           ^^^^^^^^^^^^^^^^^^^^^^^^^^^^^^^^^^^^^^^^^^^^^^^^^^^^^^^^^^^^
  File "/home/airflow/.local/lib/python3.12/site-packages/airflow/models/baseoperator.py", line 400, in wrapper
    return func(self, *args, **kwargs)
           ^^^^^^^^^^^^^^^^^^^^^^^^^^^
  File "/home/airflow/.local/lib/python3.12/site-packages/airflow/operators/python.py", line 235, in execute
    return_value = self.execute_callable()
                   ^^^^^^^^^^^^^^^^^^^^^^^
  File "/home/airflow/.local/lib/python3.12/site-packages/airflow/operators/python.py", line 252, in execute_callable
    return self.python_callable(*self.op_args, **self.op_kwargs)
           ^^^^^^^^^^^^^^^^^^^^^^^^^^^^^^^^^^^^^^^^^^^^^^^^^^^^^
  File "/opt/airflow/dags/insurance_pipeline_dag.py", line 62, in run_script
    raise Exception(f"❌ {script_name} failed with code {result.returncode}")
Exception: ❌ 07_populate_star_schema.py failed with code 1
[2026-06-24T22:51:05.466+0000] {taskinstance.py:1205} INFO - Marking task as FAILED. dag_id=insurance_pipeline, task_id=populate_star_schema, execution_date=20260624T224020, start_date=20260624T225102, end_date=20260624T225105
[2026-06-24T22:51:05.486+0000] {standard_task_runner.py:110} ERROR - Failed to execute job 16 for task populate_star_schema (❌ 07_populate_star_schema.py failed with code 1; 387)
[2026-06-24T22:51:05.527+0000] {local_task_job_runner.py:240} INFO - Task exited with return code 1
[2026-06-24T22:51:05.561+0000] {taskinstance.py:3482} INFO - 0 downstream tasks scheduled from follow-on schedule check
[2026-06-24T22:51:05.568+0000] {local_task_job_runner.py:222} INFO - ::endgroup::
