[2026-06-24T22:51:32.417+0000] {local_task_job_runner.py:120} INFO - ::group::Pre task execution logs
[2026-06-24T22:51:32.464+0000] {taskinstance.py:2073} INFO - Dependencies all met for dep_context=non-requeueable deps ti=<TaskInstance: insurance_pipeline.load_payments manual__2026-06-24T22:46:31+00:00 [queued]>
[2026-06-24T22:51:32.478+0000] {taskinstance.py:2073} INFO - Dependencies all met for dep_context=requeueable deps ti=<TaskInstance: insurance_pipeline.load_payments manual__2026-06-24T22:46:31+00:00 [queued]>
[2026-06-24T22:51:32.480+0000] {taskinstance.py:2303} INFO - Starting attempt 1 of 2
[2026-06-24T22:51:32.497+0000] {taskinstance.py:2327} INFO - Executing <Task(PythonOperator): load_payments> on 2026-06-24 22:46:31+00:00
[2026-06-24T22:51:32.510+0000] {standard_task_runner.py:90} INFO - Running: ['***', 'tasks', 'run', 'insurance_pipeline', 'load_payments', 'manual__2026-06-24T22:46:31+00:00', '--job-id', '22', '--raw', '--subdir', 'DAGS_FOLDER/insurance_pipeline_dag.py', '--cfg-path', '/tmp/tmpswazsm00']
[2026-06-24T22:51:32.514+0000] {standard_task_runner.py:91} INFO - Job 22: Subtask load_payments
[2026-06-24T22:51:32.518+0000] {logging_mixin.py:188} WARNING - /home/***/.local/lib/python3.12/site-packages/***/task/task_runner/standard_task_runner.py:61 DeprecationWarning: This process (pid=481) is multi-threaded, use of fork() may lead to deadlocks in the child.
[2026-06-24T22:51:32.519+0000] {standard_task_runner.py:63} INFO - Started process 482 to run task
[2026-06-24T22:51:32.614+0000] {task_command.py:426} INFO - Running <TaskInstance: insurance_pipeline.load_payments manual__2026-06-24T22:46:31+00:00 [running]> on host b726b1f95560
[2026-06-24T22:51:32.742+0000] {taskinstance.py:2644} INFO - Exporting env vars: AIRFLOW_CTX_DAG_OWNER='lewis' AIRFLOW_CTX_DAG_ID='insurance_pipeline' AIRFLOW_CTX_TASK_ID='load_payments' AIRFLOW_CTX_EXECUTION_DATE='2026-06-24T22:46:31+00:00' AIRFLOW_CTX_TRY_NUMBER='1' AIRFLOW_CTX_DAG_RUN_ID='manual__2026-06-24T22:46:31+00:00'
[2026-06-24T22:51:32.743+0000] {taskinstance.py:430} INFO - ::endgroup::
[2026-06-24T22:51:32.758+0000] {logging_mixin.py:188} INFO - ▶ Running: /opt/***/scripts/06_load_payments.py
[2026-06-24T22:51:46.285+0000] {logging_mixin.py:188} INFO - Payments loaded
[2026-06-24T22:51:46.287+0000] {logging_mixin.py:188} INFO - ✅ 06_load_payments.py completed successfully
[2026-06-24T22:51:46.288+0000] {python.py:237} INFO - Done. Returned value was: None
[2026-06-24T22:51:46.289+0000] {taskinstance.py:441} INFO - ::group::Post task execution logs
[2026-06-24T22:51:46.311+0000] {taskinstance.py:1205} INFO - Marking task as SUCCESS. dag_id=insurance_pipeline, task_id=load_payments, execution_date=20260624T224631, start_date=20260624T225132, end_date=20260624T225146
[2026-06-24T22:51:46.361+0000] {local_task_job_runner.py:240} INFO - Task exited with return code 0
[2026-06-24T22:51:46.405+0000] {taskinstance.py:3482} INFO - 1 downstream tasks scheduled from follow-on schedule check
[2026-06-24T22:51:46.409+0000] {local_task_job_runner.py:222} INFO - ::endgroup::
