[2026-06-24T22:51:23.339+0000] {local_task_job_runner.py:120} INFO - ::group::Pre task execution logs
[2026-06-24T22:51:23.384+0000] {taskinstance.py:2073} INFO - Dependencies all met for dep_context=non-requeueable deps ti=<TaskInstance: insurance_pipeline.load_sales manual__2026-06-24T22:46:31+00:00 [queued]>
[2026-06-24T22:51:23.395+0000] {taskinstance.py:2073} INFO - Dependencies all met for dep_context=requeueable deps ti=<TaskInstance: insurance_pipeline.load_sales manual__2026-06-24T22:46:31+00:00 [queued]>
[2026-06-24T22:51:23.396+0000] {taskinstance.py:2303} INFO - Starting attempt 1 of 2
[2026-06-24T22:51:23.413+0000] {taskinstance.py:2327} INFO - Executing <Task(PythonOperator): load_sales> on 2026-06-24 22:46:31+00:00
[2026-06-24T22:51:23.425+0000] {standard_task_runner.py:90} INFO - Running: ['***', 'tasks', 'run', 'insurance_pipeline', 'load_sales', 'manual__2026-06-24T22:46:31+00:00', '--job-id', '21', '--raw', '--subdir', 'DAGS_FOLDER/insurance_pipeline_dag.py', '--cfg-path', '/tmp/tmpjg4fv8gy']
[2026-06-24T22:51:23.428+0000] {standard_task_runner.py:91} INFO - Job 21: Subtask load_sales
[2026-06-24T22:51:23.432+0000] {logging_mixin.py:188} WARNING - /home/***/.local/lib/python3.12/site-packages/***/task/task_runner/standard_task_runner.py:61 DeprecationWarning: This process (pid=466) is multi-threaded, use of fork() may lead to deadlocks in the child.
[2026-06-24T22:51:23.433+0000] {standard_task_runner.py:63} INFO - Started process 467 to run task
[2026-06-24T22:51:23.516+0000] {task_command.py:426} INFO - Running <TaskInstance: insurance_pipeline.load_sales manual__2026-06-24T22:46:31+00:00 [running]> on host b726b1f95560
[2026-06-24T22:51:23.631+0000] {taskinstance.py:2644} INFO - Exporting env vars: AIRFLOW_CTX_DAG_OWNER='lewis' AIRFLOW_CTX_DAG_ID='insurance_pipeline' AIRFLOW_CTX_TASK_ID='load_sales' AIRFLOW_CTX_EXECUTION_DATE='2026-06-24T22:46:31+00:00' AIRFLOW_CTX_TRY_NUMBER='1' AIRFLOW_CTX_DAG_RUN_ID='manual__2026-06-24T22:46:31+00:00'
[2026-06-24T22:51:23.632+0000] {taskinstance.py:430} INFO - ::endgroup::
[2026-06-24T22:51:23.645+0000] {logging_mixin.py:188} INFO - ▶ Running: /opt/***/scripts/05_load_sales.py
[2026-06-24T22:51:31.914+0000] {logging_mixin.py:188} INFO - Sales loaded
[2026-06-24T22:51:31.916+0000] {logging_mixin.py:188} INFO - ✅ 05_load_sales.py completed successfully
[2026-06-24T22:51:31.917+0000] {python.py:237} INFO - Done. Returned value was: None
[2026-06-24T22:51:31.919+0000] {taskinstance.py:441} INFO - ::group::Post task execution logs
[2026-06-24T22:51:31.939+0000] {taskinstance.py:1205} INFO - Marking task as SUCCESS. dag_id=insurance_pipeline, task_id=load_sales, execution_date=20260624T224631, start_date=20260624T225123, end_date=20260624T225131
[2026-06-24T22:51:31.995+0000] {local_task_job_runner.py:240} INFO - Task exited with return code 0
[2026-06-24T22:51:32.042+0000] {taskinstance.py:3482} INFO - 1 downstream tasks scheduled from follow-on schedule check
[2026-06-24T22:51:32.047+0000] {local_task_job_runner.py:222} INFO - ::endgroup::
