[2026-06-24T23:03:15.171+0000] {local_task_job_runner.py:120} INFO - ::group::Pre task execution logs
[2026-06-24T23:03:15.220+0000] {taskinstance.py:2073} INFO - Dependencies all met for dep_context=non-requeueable deps ti=<TaskInstance: insurance_pipeline.etl_fact_payments manual__2026-06-24T22:50:48+00:00 [queued]>
[2026-06-24T23:03:15.235+0000] {taskinstance.py:2073} INFO - Dependencies all met for dep_context=requeueable deps ti=<TaskInstance: insurance_pipeline.etl_fact_payments manual__2026-06-24T22:50:48+00:00 [queued]>
[2026-06-24T23:03:15.236+0000] {taskinstance.py:2303} INFO - Starting attempt 1 of 2
[2026-06-24T23:03:15.258+0000] {taskinstance.py:2327} INFO - Executing <Task(PythonOperator): etl_fact_payments> on 2026-06-24 22:50:48+00:00
[2026-06-24T23:03:15.272+0000] {standard_task_runner.py:90} INFO - Running: ['***', 'tasks', 'run', 'insurance_pipeline', 'etl_fact_payments', 'manual__2026-06-24T22:50:48+00:00', '--job-id', '35', '--raw', '--subdir', 'DAGS_FOLDER/insurance_pipeline_dag.py', '--cfg-path', '/tmp/tmpsm7bv2pt']
[2026-06-24T23:03:15.276+0000] {standard_task_runner.py:91} INFO - Job 35: Subtask etl_fact_payments
[2026-06-24T23:03:15.281+0000] {logging_mixin.py:188} WARNING - /home/***/.local/lib/python3.12/site-packages/***/task/task_runner/standard_task_runner.py:61 DeprecationWarning: This process (pid=839) is multi-threaded, use of fork() may lead to deadlocks in the child.
[2026-06-24T23:03:15.282+0000] {standard_task_runner.py:63} INFO - Started process 840 to run task
[2026-06-24T23:03:15.379+0000] {task_command.py:426} INFO - Running <TaskInstance: insurance_pipeline.etl_fact_payments manual__2026-06-24T22:50:48+00:00 [running]> on host b726b1f95560
[2026-06-24T23:03:15.516+0000] {taskinstance.py:2644} INFO - Exporting env vars: AIRFLOW_CTX_DAG_OWNER='lewis' AIRFLOW_CTX_DAG_ID='insurance_pipeline' AIRFLOW_CTX_TASK_ID='etl_fact_payments' AIRFLOW_CTX_EXECUTION_DATE='2026-06-24T22:50:48+00:00' AIRFLOW_CTX_TRY_NUMBER='1' AIRFLOW_CTX_DAG_RUN_ID='manual__2026-06-24T22:50:48+00:00'
[2026-06-24T23:03:15.517+0000] {taskinstance.py:430} INFO - ::endgroup::
[2026-06-24T23:03:15.530+0000] {logging_mixin.py:188} INFO - ▶ Running: /opt/***/scripts/etl_fact_payments.py
[2026-06-24T23:04:43.698+0000] {logging_mixin.py:188} INFO - STDERR: 2026-06-24 23:03:17 | INFO | =======================================================
2026-06-24 23:03:17 | INFO | FACT_PAYMENTS ETL PIPELINE STARTED
2026-06-24 23:03:17 | INFO | =======================================================
2026-06-24 23:03:17 | INFO | Ensuring fact_payments table exists...
2026-06-24 23:03:17 | INFO |   fact_payments table ready!
2026-06-24 23:03:17 | INFO | EXTRACT — pulling source tables...
2026-06-24 23:03:18 | INFO |   policies     : 20,000 rows
2026-06-24 23:03:18 | INFO |   customers    : 8,000 rows
2026-06-24 23:03:18 | INFO |   counties     : 5 rows
2026-06-24 23:03:18 | INFO |   policy_types : 4 rows
2026-06-24 23:03:18 | INFO | VALIDATE — checking source data quality...
2026-06-24 23:03:18 | INFO |   All source validations passed
2026-06-24 23:03:18 | INFO | TRANSFORM — generating payment records...
2026-06-24 23:03:31 | INFO |   Transformed rows : 170,192
2026-06-24 23:03:31 | INFO |   Null check       : {'payment_id': 0, 'policy_id': 0, 'customer_id': 0, 'date_key': 0, 'county_id': 0, 'policy_type_id': 0, 'payment_amount': 0, 'expected_amount': 0, 'payment_method': 0, 'payment_status': 0, 'payment_frequency': 0, 'is_late': 0, 'days_late': 0, 'payment_date': 0, 'due_date': 0}
2026-06-24 23:03:31 | INFO | 
payment_method
Card             42666
Bank Transfer    42576
Cash             42531
Mpesa            42419
2026-06-24 23:03:31 | INFO | 
payment_status
Completed    85086
Pending      28534
Reversed     28368
Failed       28204
2026-06-24 23:03:31 | INFO | 
payment_frequency
Monthly      116899
Quarterly     40715
Annual        12578
2026-06-24 23:03:32 | INFO |   Skipped 0 existing payment_ids. New rows: 170,192
2026-06-24 23:03:32 | INFO | LOAD — inserting 170,192 rows into fact_payments...
2026-06-24 23:04:42 | INFO |   Load complete
2026-06-24 23:04:42 | INFO | VERIFY — post-load checks...
2026-06-24 23:04:43 | INFO |   Total payments     : 186,871
2026-06-24 23:04:43 | INFO |   Null amounts       : 0
2026-06-24 23:04:43 | INFO |   Late payments      : 147,279
2026-06-24 23:04:43 | INFO |   Failed/Reversed    : 62,096
2026-06-24 23:04:43 | INFO |   Total collected    : KES 484,596,660.00
2026-06-24 23:04:43 | INFO | 
By Method & Status:
payment_method payment_status  payments  total_amount
          Card      Completed     23457  121478799.28
          Cash      Completed     23418  121066290.87
         Mpesa      Completed     23390  120921142.95
 Bank Transfer      Completed     23196  121130426.90
 Bank Transfer       Reversed      7936          0.00
          Card        Pending      7930   41665419.80
          Cash         Failed      7834          0.00
 Bank Transfer        Pending      7825   40519765.88
         Mpesa        Pending      7802   40313163.34
          Cash       Reversed      7788          0.00
2026-06-24 23:04:43 | INFO | 
Late Payment Analysis:
policy_type  late_payments  on_time_payments  avg_days_late
     Health          37779             10078            6.3
       Auto          36595              9826            6.3
       Life          36508              9792            6.3
  Education          36397              9896            6.3
2026-06-24 23:04:43 | INFO |   All post-load checks passed
2026-06-24 23:04:43 | INFO | =======================================================
2026-06-24 23:04:43 | INFO | PIPELINE COMPLETE in 86s
2026-06-24 23:04:43 | INFO | =======================================================
[2026-06-24T23:04:43.699+0000] {logging_mixin.py:188} INFO - ✅ etl_fact_payments.py completed successfully
[2026-06-24T23:04:43.699+0000] {python.py:237} INFO - Done. Returned value was: None
[2026-06-24T23:04:43.701+0000] {taskinstance.py:441} INFO - ::group::Post task execution logs
[2026-06-24T23:04:43.718+0000] {taskinstance.py:1205} INFO - Marking task as SUCCESS. dag_id=insurance_pipeline, task_id=etl_fact_payments, execution_date=20260624T225048, start_date=20260624T230315, end_date=20260624T230443
[2026-06-24T23:04:43.771+0000] {local_task_job_runner.py:240} INFO - Task exited with return code 0
[2026-06-24T23:04:43.800+0000] {taskinstance.py:3482} INFO - 1 downstream tasks scheduled from follow-on schedule check
[2026-06-24T23:04:43.804+0000] {local_task_job_runner.py:222} INFO - ::endgroup::
