[2026-06-24T22:51:09.518+0000] {local_task_job_runner.py:120} INFO - ::group::Pre task execution logs
[2026-06-24T22:51:09.566+0000] {taskinstance.py:2073} INFO - Dependencies all met for dep_context=non-requeueable deps ti=<TaskInstance: insurance_pipeline.generate_customers manual__2026-06-24T22:46:31+00:00 [queued]>
[2026-06-24T22:51:09.576+0000] {taskinstance.py:2073} INFO - Dependencies all met for dep_context=requeueable deps ti=<TaskInstance: insurance_pipeline.generate_customers manual__2026-06-24T22:46:31+00:00 [queued]>
[2026-06-24T22:51:09.577+0000] {taskinstance.py:2303} INFO - Starting attempt 1 of 2
[2026-06-24T22:51:09.596+0000] {taskinstance.py:2327} INFO - Executing <Task(PythonOperator): generate_customers> on 2026-06-24 22:46:31+00:00
[2026-06-24T22:51:09.610+0000] {standard_task_runner.py:90} INFO - Running: ['***', 'tasks', 'run', 'insurance_pipeline', 'generate_customers', 'manual__2026-06-24T22:46:31+00:00', '--job-id', '17', '--raw', '--subdir', 'DAGS_FOLDER/insurance_pipeline_dag.py', '--cfg-path', '/tmp/tmp0jn701ho']
[2026-06-24T22:51:09.614+0000] {logging_mixin.py:188} WARNING - /home/***/.local/lib/python3.12/site-packages/***/task/task_runner/standard_task_runner.py:61 DeprecationWarning: This process (pid=406) is multi-threaded, use of fork() may lead to deadlocks in the child.
[2026-06-24T22:51:09.615+0000] {standard_task_runner.py:91} INFO - Job 17: Subtask generate_customers
[2026-06-24T22:51:09.615+0000] {standard_task_runner.py:63} INFO - Started process 407 to run task
[2026-06-24T22:51:09.728+0000] {task_command.py:426} INFO - Running <TaskInstance: insurance_pipeline.generate_customers manual__2026-06-24T22:46:31+00:00 [running]> on host b726b1f95560
[2026-06-24T22:51:09.861+0000] {taskinstance.py:2644} INFO - Exporting env vars: AIRFLOW_CTX_DAG_OWNER='lewis' AIRFLOW_CTX_DAG_ID='insurance_pipeline' AIRFLOW_CTX_TASK_ID='generate_customers' AIRFLOW_CTX_EXECUTION_DATE='2026-06-24T22:46:31+00:00' AIRFLOW_CTX_TRY_NUMBER='1' AIRFLOW_CTX_DAG_RUN_ID='manual__2026-06-24T22:46:31+00:00'
[2026-06-24T22:51:09.863+0000] {taskinstance.py:430} INFO - ::endgroup::
[2026-06-24T22:51:09.877+0000] {logging_mixin.py:188} INFO - ▶ Running: /opt/***/scripts/01_generate_customers.py
[2026-06-24T22:51:12.539+0000] {logging_mixin.py:188} INFO - Generating customers...
DataFrame shape: (2000, 7)
Checking existing customers...
New records after dedup: 2000
Loading into Postgres...
Customers loaded successfully
[2026-06-24T22:51:12.540+0000] {logging_mixin.py:188} INFO - ✅ 01_generate_customers.py completed successfully
[2026-06-24T22:51:12.541+0000] {python.py:237} INFO - Done. Returned value was: None
[2026-06-24T22:51:12.542+0000] {taskinstance.py:441} INFO - ::group::Post task execution logs
[2026-06-24T22:51:12.557+0000] {taskinstance.py:1205} INFO - Marking task as SUCCESS. dag_id=insurance_pipeline, task_id=generate_customers, execution_date=20260624T224631, start_date=20260624T225109, end_date=20260624T225112
[2026-06-24T22:51:12.624+0000] {local_task_job_runner.py:240} INFO - Task exited with return code 0
[2026-06-24T22:51:12.666+0000] {taskinstance.py:3482} INFO - 1 downstream tasks scheduled from follow-on schedule check
[2026-06-24T22:51:12.670+0000] {local_task_job_runner.py:222} INFO - ::endgroup::
